556:0x3ffb4b00 0x400d55a1:0x3ffb4ba0 0x400e5d98:0x3ffb4cf0 0x400ELF file SHA256: 00c8bfc8a

Rebooting...
ets Jul 29 2019 12:21:46

rst:0xc (SW_CPets Jul 29 2019 12:21:46

rst:0x1 (POWERON_RESET),boot:0x13 (SPI_FAST_FLASH_BOOT)
configsip: 0, SPIWP:0xee
clk_drv:0x00,q_drv:0x00,d_drv:0x00,cs0_drv:0x00,hd_drv:0x00,wp_drv:0x00
mode:DIO, clock div:2
load:0x3fff0030,len:7132
ho 0 tail 12 room 4
load:0x40078000,len:15708
load:0x40080400,len:4
ho 8 tail 4 room 4
load:0x40080404,len:3884
entry 0x40080650
[0;32mI (33) boot: ESP-IDF v5.2-dev-2317-g3247253671 2nd stage bootloader[0m
[0;32mI (33) boot: compile time Aug 21 2023 11:32:09[0m
[0;32mI (35) boot: Multicore bootloader[0m
[0;32mI (39) boot: chip revision: v3.0[0m
[0;32mI (43) boot.esp32: SPI Speed      : 40MHz[0m
[0;32mI (47) boot.esp32: SPI Mode       : DIO[0m
[0;32mI (52) boot.esp32: SPI Flash Size : 2MB[0m
[0;32mI (56) boot: Enabling RNG early entropy source...[0m
[0;32mI (62) boot: Partition Table:[0m
[0;32mI (65) boot: ## Label            Usage          Type ST Offset   Length[0m
[0;32mI (73) boot:  0 nvs              WiFi data        01 02 00009000 00006000[0m
[0;32mI (80) boot:  1 phy_init         RF data          01 01 0000f000 00001000[0m
[0;32mI (88) boot:  2 factory          factory app      00 00 00010000 00100000[0m
[0;32mI (95) boot: End of partition table[0m
[0;32mI (99) esp_image: segment 0: paddr=00010020 vaddr=3f400020 size=0b1c0h ( 45504) map[0m
[0;32mI (124) esp_image: segment 1: paddr=0001b1e8 vaddr=3ffb0000 size=02168h (  8552) load[0m
[0;32mI (128) esp_image: segment 2: paddr=0001d358 vaddr=40080000 size=02cc0h ( 11456) load[0m
[0;32mI (135) esp_image: segment 3: paddr=00020020 vaddr=400d0020 size=16598h ( 91544) map[0m
[0;32mI (171) esp_image: segment 4: paddr=000365c0 vaddr=40082cc0 size=0a344h ( 41796) load[0m
[0;32mI (196) boot: Loaded app from partition at offset 0x10000[0m
[0;32mI (196) boot: Disabling RNG early entropy source...[0m
[0;32mI (207) cpu_start: Multicore app[0m
[0;32mI (207) cpu_start: Pro cpu up.[0m
[0;32mI (208) cpu_start: Starting app cpu, entry point is 0x40081128[0m
[0;32mI (0) cpu_start: App cpu up.[0m
[0;32mI (225) cpu_start: Pro cpu start user code[0m
[0;32mI (225) cpu_start: cpu freq: 160000000 Hz[0m
[0;32mI (226) cpu_start: Application information:[0m
[0;32mI (230) cpu_start: Project name:     read_analog[0m
[0;32mI (236) cpu_start: App version:      d1e0eff-dirty[0m
[0;32mI (241) cpu_start: Compile time:     Aug 21 2023 11:32:01[0m
[0;32mI (247) cpu_start: ELF file SHA256:  00c8bfc8a...[0m
[0;32mI (252) cpu_start: ESP-IDF:          v5.2-dev-2317-g3247253671[0m
[0;32mI (259) cpu_start: Min chip rev:     v0.0[0m
[0;32mI (264) cpu_start: Max chip rev:     v3.99 [0m
[0;32mI (269) cpu_start: Chip rev:         v3.0[0m
[0;32mI (273) heap_init: Initializing. RAM available for dynamic allocation:[0m
[0;32mI (281) heap_init: At 3FFAE6E0 len 00001920 (6 KiB): DRAM[0m
[0;32mI (287) heap_init: At 3FFB29F0 len 0002D610 (181 KiB): DRAM[0m
[0;32mI (293) heap_init: At 3FFE0440 len 00003AE0 (14 KiB): D/IRAM[0m
[0;32mI (299) heap_init: At 3FFE4350 len 0001BCB0 (111 KiB): D/IRAM[0m
[0;32mI (306) heap_init: At 4008D004 len 00012FFC (75 KiB): IRAM[0m
[0;32mI (313) spi_flash: detected chip: generic[0m
[0;32mI (316) spi_flash: flash io: dio[0m
[0;33mW (320) spi_flash: Detected size(4096k) larger than the size in the binary image header(2048k). Using the size in the binary image header.[0m
[0;32mI (334) app_start: Starting scheduler on CPU0[0m
[0;32mI (339) app_start: Starting scheduler on CPU1[0m
[0;32mI (339) main_task: Started on CPU0[0m
[0;32mI (349) main_task: Calling app_main()[0m
[0;32mI (349) EXAMPLE: adc_pattern[0].atten is :0[0m
[0;32mI (349) EXAMPLE: adc_pattern[0].channel is :1[0m
[0;32mI (359) EXAMPLE: adc_pattern[0].unit is :1[0m
[0;32mI (359) EXAMPLE: adc_pattern[1].atten is :0[0m
[0;32mI (369) EXAMPLE: adc_pattern[1].channel is :0[0m
[0;32mI (369) EXAMPLE: adc_pattern[1].unit is :1[0m
[0;31mE (379) adc_continuous: adc_continuous_config(527): Only support using ADC1 DMA mode[0m
ESP_ERROR_CHECK failed: esp_err_t 0x102 (ESP_ERR_INVALID_ARG) at 0x400d5556
file: "./main/read_analog_main.c" line 83
func: continuous_adc_init
expression: adc_continuous_config(handle, &dig_cfg)

abort() was called at PC 0x4008661f on core 0


Backtrace: 0x4008175e:0x3ffb4a20 0x40086629:0x3ffb4a40 0x4008b986:0x3ffb4a60 0x4008661f:0x3ffb4ad0 0x400d5556:0x3ffb4b00 0x400d55a1:0x3ffb4ba0 0x400e5d98:0x3ffb4cf0 0x40088bd1:0x3ffb4d20




ELF file SHA256: 00c8bfc8a

Rebooting...
ets Jul 29 2019 12:21:46

rst:0xc (SW_CPU_RESET),boot:0x13 (SPI_FAST_FLASH_BOOT)
configsip: 0, SPIWP:0xee
clk_drv:0x00,q_drv:0x00,d_drv:0x00,cs0_drv:0x00,hd_drv:0x00,wp_drv:0x00
mode:DIO, clock div:2
load:0x3fff0030,len:7132
ho 0 tail 12 room 4
load:0x40078000,len:15708
load:0x40080400,len:4
ho 8 tail 4 room 4
load:0x40080404,len:3884
entry 0x40080650
[0;32mI (32) boot: ESP-IDF v5.2-dev-2317-g3247253671 2nd stage bootloader[0m
[0;32mI (32) boot: compile time Aug 21 2023 11:32:09[0m
[0;32mI (35) boot: Multicore bootloader[0m
[0;32mI (39) boot: chip revision: v3.0[0m
[0;32mI (42) boot.esp32: SPI Speed      : 40MHz[0m
[0;32mI (47) boot.esp32: SPI Mode       : DIO[0m
[0;32mI (52) boot.esp32: SPI Flash Size : 2MB[0m
[0;32mI (56) boot: Enabling RNG early entropy source...[0m
[0;32mI (62) boot: Partition Table:[0m
[0;32mI (65) boot: ## Label            Usage          Type ST Offset   Length[0m
[0;32mI (72) boot:  0 nvs              WiFi data        01 02 00009000 00006000[0m
[0;32mI (80) boot:  1 phy_init         RF data          01 01 0000f000 00001000[0m
[0;32mI (87) boot:  2 factory          factory app      00 00 00010000 00100000[0m
[0;32mI (95) boot: End of partition table[0m
[0;32mI (99) esp_image: segment 0: paddr=00010020 vaddr=3f400020 size=0b1c0h ( 45504) map[0m
[0;32mI (124) esp_image: segment 1: paddr=0001b1e8 vaddr=3ffb0000 size=02168h (  8552) load[0m
[0;32mI (128) esp_image: segment 2: paddr=0001d358 vaddr=40080000 size=02cc0h ( 11456) load[0m
[0;32mI (135) esp_image: segment 3: paddr=00020020 vaddr=400d0020 size=16598h ( 91544) map[0m
[0;32mI (171) esp_image: segment 4: paddr=000365c0 vaddr=40082cc0 size=0a344h ( 41796) load[0m
[0;32mI (195) boot: Loaded app from partition at offset 0x10000[0m
[0;32mI (196) boot: Disabling RNG early entropy source...[0m
[0;32mI (207) cpu_start: Multicore app[0m
[0;32mI (207) cpu_start: Pro cpu up.[0m
[0;32mI (207) cpu_start: Starting app cpu, entry point is 0x40081128[0m
[0;32mI (194) cpu_start: App cpu up.[0m
[0;32mI (225) cpu_start: Pro cpu start user code[0m
[0;32mI (226) cpu_start: cpu freq: 160000000 Hz[0m
[0;32mI (226) cpu_start: Application information:[0m
[0;32mI (230) cpu_start: Project name:     read_analog[0m
[0;32mI (236) cpu_start: App version:      d1e0eff-dirty[0m
[0;32mI (241) cpu_start: Compile time:     Aug 21 2023 11:32:01[0m
[0;32mI (247) cpu_start: ELF file SHA256:  00c8bfc8a...[0m
[0;32mI (253) cpu_start: ESP-IDF:          v5.2-dev-2317-g3247253671[0m
[0;32mI (259) cpu_start: Min chip rev:     v0.0[0m
[0;32mI (264) cpu_start: Max chip rev:     v3.99 [0m
[0;32mI (269) cpu_start: Chip rev:         v3.0[0m
[0;32mI (274) heap_init: Initializing. RAM available for dynamic allocation:[0m
[0;32mI (281) heap_init: At 3FFAE6E0 len 00001920 (6 KiB): DRAM[0m
[0;32mI (287) heap_init: At 3FFB29F0 len 0002D610 (181 KiB): DRAM[0m
[0;32mI (293) heap_init: At 3FFE0440 len 00003AE0 (14 KiB): D/IRAM[0m
[0;32mI (299) heap_init: At 3FFE4350 len 0001BCB0 (111 KiB): D/IRAM[0m
[0;32mI (306) heap_init: At 4008D004 len 00012FFC (75 KiB): IRAM[0m
[0;32mI (313) spi_flash: detected chip: generic[0m
[0;32mI (316) spi_flash: flash io: dio[0m
[0;33mW (320) spi_flash: Detected size(4096k) larger than the size in the binary image header(2048k). Using the size in the binary image header.[0m
[0;32mI (334) app_start: Starting scheduler on CPU0[0m
[0;32mI (339) app_start: Starting scheduler on CPU1[0m
[0;32mI (339) main_task: Started on CPU0[0m
[0;32mI (349) main_task: Calling app_main()[0m
[0;32mI (349) EXAMPLE: adc_pattern[0].atten is :0[0m
[0;32mI (349) EXAMPLE: adc_pattern[0].channel is :1[0m
[0;32mI (359) EXAMPLE: adc_pattern[0].unit is :1[0m
[0;32mI (359) EXAMPLE: adc_pattern[1].atten is :0[0m
[0;32mI (369) EXAMPLE: adc_pattern[1].channel is :0[0m
[0;32mI (369) EXAMPLE: adc_pattern[1].unit is :1[0m
[0;31mE (379) adc_continuous: adc_continuous_config(527): Only support using ADC1 DMA mode[0m
ESP_ERROR_CHECK failed: esp_err_t 0x102 (ESP_ERR_INVALID_ARG) at 0x400d5556
file: "./main/read_analog_main.c" line 83
func: continuous_adc_init
expression: adc_continuous_config(handle, &dig_cfg)

abort() was called at PC 0x4008661f on core 0


Backtrace: 0x4008175e:0x3ffb4a20 0x40086629:0x3ffb4a40 0x4008b986:0x3ffb4a60 0x4008661f:0x3ffb4ad0 0x400d5556:0x3ffb4b00 0x400d55a1:0x3ffb4ba0 0x400e5d98:0x3ffb4cf0 0x40088bd1:0x3ffb4d20




ELF file SHA256: 00c8bfc8a

Rebooting...
ets Jul 29 2019 12:21:46

rst:0xc (SW_CPU_RESET),boot:0x13 (SPI_FAST_FLASH_BOOT)
configsip: 0, SPIWP:0xee
clk_drv:0x00,q_drv:0x00,d_drv:0x00,cs0_drv:0x00,hd_drv:0x00,wp_drv:0x00
mode:DIO, clock div:2
load:0x3fff0030,len:7132
ho 0 tail 12 room 4
load:0x40078000,len:15708
load:0x40080400,len:4
ho 8 tail 4 room 4
load:0x40080404,len:3884
entry 0x40080650
[0;32mI (32) boot: ESP-IDF v5.2-dev-2317-g3247253671 2nd stage bootloader[0m
[0;32mI (32) boot: compile time Aug 21 2023 11:32:09[0m
[0;32mI (35) boot: Multicore bootloader[0m
[0;32mI (39) boot: chip revision: v3.0[0m
[0;32mI (42) boot.esp32: SPI Speed      : 40MHz[0m
[0;32mI (47) boot.esp32: SPI Mode       : DIO[0m
[0;32mI (52) boot.esp32: SPI Flash Size : 2MB[0m
[0;32mI (56) boot: Enabling RNG early entropy source...[0m
[0;32mI (62) boot: Partition Table:[0m
[0;32mI (65) boot: ## Label            Usage          Type ST Offset   Length[0m
[0;32mI (72) boot:  0 nvs              WiFi data        01 02 00009000 00006000[0m
[0;32mI (80) boot:  1 phy_init         RF data          01 01 0000f000 00001000[0m
[0;32mI (87) boot:  2 factory          factory app      00 00 00010000 00100000[0m
[0;32mI (95) boot: End of partition table[0m
[0;32mI (99) esp_image: segment 0: paddr=00010020 vaddr=3f400020 size=0b1c0h ( 45504) map[0m
[0;32mI (124) esp_image: segment 1: paddr=0001b1e8 vaddr=3ffb0000 size=02168h (  8552) load[0m
[0;32mI (128) esp_image: segment 2: paddr=0001d358 vaddr=40080000 size=02cc0h ( 11456) load[0m
[0;32mI (135) esp_image: segment 3: paddr=00020020 vaddr=400d0020 size=16598h ( 91544) map[0m
[0;32mI (171) esp_image: segment 4: paddr=000365c0 vaddr=40082cc0 size=0a344h ( 41796) load[0m
[0;32mI (195) boot: Loaded app from partition at offset 0x10000[0m
[0;32mI (196) boot: Disabling RNG early entropy source...[0m
[0;32mI (207) cpu_start: Multicore app[0m
[0;32mI (207) cpu_start: Pro cpu up.[0m
[0;32mI (207) cpu_start: Starting app cpu, entry point is 0x40081128[0m
[0;32mI (194) cpu_start: App cpu up.[0m
[0;32mI (225) cpu_start: Pro cpu start user code[0m
[0;32mI (226) cpu_start: cpu freq: 160000000 Hz[0m
[0;32mI (226) cpu_start: Application information:[0m
[0;32mI (230) cpu_start: Project name:     read_analog[0m
[0;32mI (236) cpu_start: App version:      d1e0eff-dirty[0m
[0;32mI (241) cpu_start: Compile time:     Aug 21 2023 11:32:01[0m
[0;32mI (247) cpu_start: ELF file SHA256:  00c8bfc8a...[0m
[0;32mI (253) cpu_start: ESP-IDF:          v5.2-dev-2317-g3247253671[0m
[0;32mI (259) cpu_start: Min chip rev:     v0.0[0m
[0;32mI (264) cpu_start: Max chip rev:     v3.99 [0m
[0;32mI (269) cpu_start: Chip rev:         v3.0[0m
[0;32mI (274) heap_init: Initializing. RAM available for dynamic allocation:[0m
[0;32mI (281) heap_init: At 3FFAE6E0 len 00001920 (6 KiB): DRAM[0m
[0;32mI (287) heap_init: At 3FFB29F0 len 0002D610 (181 KiB): DRAM[0m
[0;32mI (293) heap_init: At 3FFE0440 len 00003AE0 (14 KiB): D/IRAM[0m
[0;32mI (299) heap_init: At 3FFE4350 len 0001BCB0 (111 KiB): D/IRAM[0m
[0;32mI (306) heap_init: At 4008D004 len 00012FFC (75 KiB): IRAM[0m
[0;32mI (313) spi_flash: detected chip: generic[0m
[0;32mI (316) spi_flash: flash io: dio[0m
[0;33mW (320) spi_flash: Detected size(4096k) larger than the size in the binary image header(2048k). Using the size in the binary image header.[0m
[0;32mI (334) app_start: Starting scheduler on CPU0[0m
[0;32mI (339) app_start: Starting scheduler on CPU1[0m
[0;32mI (339) main_task: Started on CPU0[0m
[0;32mI (349) main_task: Calling app_main()[0m
[0;32mI (349) EXAMPLE: adc_pattern[0].atten is :0[0m
[0;32mI (349) EXAMPLE: adc_pattern[0].channel is :1[0m
[0;32mI (359) EXAMPLE: adc_pattern[0].unit is :1[0m
[0;32mI (359) EXAMPLE: adc_pattern[1].atten is :0[0m
[0;32mI (369) EXAMPLE: adc_pattern[1].channel is :0[0m
[0;32mI (369) EXAMPLE: adc_pattern[1].unit is :1[0m
[0;31mE (379) adc_continuous: adc_continuous_config(527): Only support using ADC1 DMA mode[0m
ESP_ERROR_CHECK failed: esp_err_t 0x102 (ESP_ERR_INVALID_ARG) at 0x400d5556
file: "./main/read_analog_main.c" line 83
func: continuous_adc_init
expression: adc_continuous_config(handle, &dig_cfg)

abort() was called at PC 0x4008661f on core 0


Backtrace: 0x4008175e:0x3ffb4a20 0x40086629:0x3ffb4a40 0x4008b986:0x3ffb4a60 0x4008661f:0x3ffb4ad0 0x400d5556:0x3ffb4b00 0x400d55a1:0x3ffb4ba0 0x400e5d98:0x3ffb4cf0 0x40088bd1:0x3ffb4d20




ELF file SHA256: 00c8bfc8a

Rebooting...
ets Jul 29 2019 12:21:46

rst:0xc (SW_CPU_RESET),boot:0x13 (SPI_FAST_FLASH_BOOT)
configsip: 0, SPIWP:0xee
clk_drv:0x00,q_drv:0x00,d_drv:0x00,cs0_drv:0x00,hd_drv:0x00,wp_drv:0x00
mode:DIO, clock div:2
load:0x3fff0030,len:7132
ho 0 tail 12 room 4
load:0x40078000,len:15708
load:0x40080400,len:4
ho 8 tail 4 room 4
load:0x40080404,len:3884
entry 0x40080650
[0;32mI (32) boot: ESP-IDF v5.2-dev-2317-g3247253671 2nd stage bootloader[0m
[0;32mI (32) boot: compile time Aug 21 2023 11:32:09[0m
[0;32mI (35) boot: Multicore bootloader[0m
[0;32mI (39) boot: chip revision: v3.0[0m
[0;32mI (42) boot.esp32: SPI Speed      : 40MHz[0m
[0;32mI (47) boot.esp32: SPI Mode       : DIO[0m
[0;32mI (52) boot.esp32: SPI Flash Size : 2MB[0m
[0;32mI (56) boot: Enabling RNG early entropy source...[0m
[0;32mI (62) boot: Partition Table:[0m
[0;32mI (65) boot: ## Label            Usage          Type ST Offset   Length[0m
[0;32mI (72) boot:  0 nvs              WiFi data        01 02 00009000 00006000[0m
[0;32mI (80) boot:  1 phy_init         RF data          01 01 0000f000 00001000[0m
[0;32mI (87) boot:  2 factory          factory app      00 00 00010000 00100000[0m
[0;32mI (95) boot: End of partition table[0m
[0;32mI (99) esp_image: segment 0: paddr=00010020 vaddr=3f400020 size=0b1c0h ( 45504) map[0m
[0;32mI (124) esp_image: segment 1: paddr=0001b1e8 vaddr=3ffb0000 size=02168h (  8552) load[0m
[0;32mI (128) esp_image: segment 2: paddr=0001d358 vaddr=40080000 size=02cc0h ( 11456) load[0m
[0;32mI (135) esp_image: segment 3: paddr=00020020 vaddr=400d0020 size=16598h ( 91544) map[0m
[0;32mI (171) esp_image: segment 4: paddr=000365c0 vaddr=40082cc0 size=0a344h ( 41796) load[0m
[0;32mI (195) boot: Loaded app from partition at offset 0x10000[0m
[0;32mI (196) boot: Disabling RNG early entropy source...[0m
[0;32mI (207) cpu_start: Multicore app[0m
[0;32mI (207) cpu_start: Pro cpu up.[0m
[0;32mI (207) cpu_start: Starting app cpu, entry point is 0x40081128[0m
[0;32mI (194) cpu_start: App cpu up.[0m
[0;32mI (225) cpu_start: Pro cpu start user code[0m
[0;32mI (226) cpu_start: cpu freq: 160000000 Hz[0m
[0;32mI (226) cpu_start: Application information:[0m
[0;32mI (230) cpu_start: Project name:     read_analog[0m
[0;32mI (236) cpu_start: App version:      d1e0eff-dirty[0m
[0;32mI (241) cpu_start: Compile time:     Aug 21 2023 11:32:01[0m
[0;32mI (247) cpu_start: ELF file SHA256:  00c8bfc8a...[0m
[0;32mI (253) cpu_start: ESP-IDF:          v5.2-dev-2317-g3247253671[0m
[0;32mI (259) cpu_start: Min chip rev:     v0.0[0m
[0;32mI (264) cpu_start: Max chip rev:     v3.99 [0m
[0;32mI (269) cpu_start: Chip rev:         v3.0[0m
[0;32mI (274) heap_init: Initializing. RAM available for dynamic allocation:[0m
[0;32mI (281) heap_init: At 3FFAE6E0 len 00001920 (6 KiB): DRAM[0m
[0;32mI (287) heap_init: At 3FFB29F0 len 0002D610 (181 KiB): DRAM[0m
[0;32mI (293) heap_init: At 3FFE0440 len 00003AE0 (14 KiB): D/IRAM[0m
[0;32mI (299) heap_init: At 3FFE4350 len 0001BCB0 (111 KiB): D/IRAM[0m
[0;32mI (306) heap_init: At 4008D004 len 00012FFC (75 KiB): IRAM[0m
[0;32mI (313) spi_flash: detected chip: generic[0m
[0;32mI (316) spi_flash: flash io: dio[0m
[0;33mW (320) spi_flash: Detected size(4096k) larger than the size in the binary image header(2048k). Using the size in the binary image header.[0m
[0;32mI (334) app_start: Starting scheduler on CPU0[0m
[0;32mI (339) app_start: Starting scheduler on CPU1[0m
[0;32mI (339) main_task: Started on CPU0[0m
[0;32mI (349) main_task: Calling app_main()[0m
[0;32mI (349) EXAMPLE: adc_pattern[0].atten is :0[0m
[0;32mI (349) EXAMPLE: adc_pattern[0].channel is :1[0m
[0;32mI (359) EXAMPLE: adc_pattern[0].unit is :1[0m
[0;32mI (359) EXAMPLE: adc_pattern[1].atten is :0[0m
[0;32mI (369) EXAMPLE: adc_pattern[1].channel is :0[0m
[0;32mI (369) EXAMPLE: adc_pattern[1].unit is :1[0m
[0;31mE (379) adc_continuous: adc_continuous_config(527): Only support using ADC1 DMA mode[0m
ESP_ERROR_CHECK failed: esp_err_t 0x102 (ESP_ERR_INVALID_ARG) at 0x400d5556
file: "./main/read_analog_main.c" line 83
func: continuous_adc_init
expression: adc_continuous_config(handle, &dig_cfg)

abort() was called at PC 0x4008661f on core 0


Backtrace: 0x4008175e:0x3ffb4a20 0x40086629:0x3ffb4a40 0x4008b986:0x3ffb4a60 0x4008661f:0x3ffb4ad0 0x400d5556:0x3ffb4b00 0x400d55a1:0x3ffb4ba0 0x400e5d98:0x3ffb4cf0 0x40088bd1:0x3ffb4d20




ELF file SHA256: 00c8bfc8a

Rebooting...
ets Jul 29 2019 12:21:46

rst:0xc (SW_CPU_RESET),boot:0x13 (SPI_FAST_FLASH_BOOT)
configsip: 0, SPIWP:0xee
clk_drv:0x00,q_drv:0x00,d_drv:0x00,cs0_drv:0x00,hd_drv:0x00,wp_drv:0x00
mode:DIO, clock div:2
load:0x3fff0030,len:7132
ho 0 tail 12 room 4
load:0x40078000,len:15708
load:0x40080400,len:4
ho 8 tail 4 room 4
load:0x40080404,len:3884
entry 0x40080650
[0;32mI (32) boot: ESP-IDF v5.2-dev-2317-g3247253671 2nd stage bootloader[0m
[0;32mI (32) boot: compile time Aug 21 2023 11:32:09[0m
[0;32mI (35) boot: Multicore bootloader[0m
[0;32mI (39) boot: chip revision: v3.0[0m
[0;32mI (42) boot.esp32: SPI Speed      : 40MHz[0m
[0;32mI (47) boot.esp32: SPI Mode       : DIO[0m
[0;32mI (52) boot.esp32: SPI Flash Size : 2MB[0m
[0;32mI (56) boot: Enabling RNG early entropy source...[0m
[0;32mI (62) boot: Partition Table:[0m
[0;32mI (65) boot: ## Label            Usage          Type ST Offset   Length[0m
[0;32mI (73) boot:  0 nvs              WiFi data        01 02 00009000 00006000[0m
[0;32mI (80) boot:  1 phy_init         RF data          01 01 0000f000 00001000[0m
[0;32mI (87) boot:  2 factory          factory app      00 00 00010000 00100000[0m
[0;32mI (95) boot: End of partition table[0m
[0;32mI (99) esp_image: segment 0: paddr=00010020 vaddr=3f400020 size=0b1c0h ( 45504) map[0m
[0;32mI (124) esp_image: segment 1: paddr=0001b1e8 vaddr=3ffb0000 size=02168h (  8552) load[0m
[0;32mI (128) esp_image: segment 2: paddr=0001d358 vaddr=40080000 size=02cc0h ( 11456) load[0m
[0;32mI (135) esp_image: segment 3: paddr=00020020 vaddr=400d0020 size=16598h ( 91544) map[0m
[0;32mI (171) esp_image: segment 4: paddr=000365c0 vaddr=40082cc0 size=0a344h ( 41796) load[0m
[0;32mI (195) boot: Loaded app from partition at offset 0x10000[0m
[0;32mI (196) boot: Disabling RNG early entropy source...[0m
[0;32mI (207) cpu_start: Multicore app[0m
[0;32mI (207) cpu_start: Pro cpu up.[0m
[0;32mI (207) cpu_start: Starting app cpu, entry point is 0x40081128[0m
[0;32mI (194) cpu_start: App cpu up.[0m
[0;32mI (225) cpu_start: Pro cpu start user code[0m
[0;32mI (226) cpu_start: cpu freq: 160000000 Hz[0m
[0;32mI (226) cpu_start: Application information:[0m
[0;32mI (230) cpu_start: Project name:     read_analog[0m
[0;32mI (236) cpu_start: App version:      d1e0eff-dirty[0m
[0;32mI (241) cpu_start: Compile time:     Aug 21 2023 11:32:01[0m
[0;32mI (247) cpu_start: ELF file SHA256:  00c8bfc8a...[0m
[0;32mI (253) cpu_start: ESP-IDF:          v5.2-dev-2317-g3247253671[0m
[0;32mI (259) cpu_start: Min chip rev:     v0.0[0m
[0;32mI (264) cpu_start: Max chip rev:     v3.99 [0m
[0;32mI (269) cpu_start: Chip rev:         v3.0[0m
[0;32mI (274) heap_init: Initializing. RAM available for dynamic allocation:[0m
[0;32mI (281) heap_init: At 3FFAE6E0 len 00001920 (6 KiB): DRAM[0m
[0;32mI (287) heap_init: At 3FFB29F0 len 0002D610 (181 KiB): DRAM[0m
[0;32mI (293) heap_init: At 3FFE0440 len 00003AE0 (14 KiB): D/IRAM[0m
[0;32mI (299) heap_init: At 3FFE4350 len 0001BCB0 (111 KiB): D/IRAM[0m
[0;32mI (306) heap_init: At 4008D004 len 00012FFC (75 KiB): IRAM[0m
[0;32mI (313) spi_flash: detected chip: generic[0m
[0;32mI (316) spi_flash: flash io: dio[0m
[0;33mW (320) spi_flash: Detected size(4096k) larger than the size in the binary image header(2048k). Using the size in the binary image header.[0m
[0;32mI (334) app_start: Starting scheduler on CPU0[0m
[0;32mI (339) app_start: Starting scheduler on CPU1[0m
[0;32mI (339) main_task: Started on CPU0[0m
[0;32mI (349) main_task: Calling app_main()[0m
[0;32mI (349) EXAMPLE: adc_pattern[0].atten is :0[0m
[0;32mI (349) EXAMPLE: adc_pattern[0].channel is :1[0m
[0;32mI (359) EXAMPLE: adc_pattern[0].unit is :1[0m
[0;32mI (359) EXAMPLE: adc_pattern[1].atten is :0[0m
[0;32mI (369) EXAMPLE: adc_pattern[1].channel is :0[0m
[0;32mI (369) EXAMPLE: adc_pattern[1].unit is :1[0m
[0;31mE (379) adc_continuous: adc_continuous_config(527): Only support using ADC1 DMA mode[0m
ESP_ERROR_CHECK failed: esp_err_t 0x102 (ESP_ERR_INVALID_ARG) at 0x400d5556
file: "./main/read_analog_main.c" line 83
func: continuous_adc_init
expression: adc_continuous_config(handle, &dig_cfg)

abort() was called at PC 0x4008661f on core 0


Backtrace: 0x4008175e:0x3ffb4a20 0x40086629:0x3ffb4a40 0x4008b986:0x3ffb4a60 0x4008661f:0x3ffb4ad0 0x400d5556:0x3ffb4b00 0x400d55a1:0x3ffb4ba0 0x400e5d98:0x3ffb4cf0 0x40088bd1:0x3ffb4d20




ELF file SHA256: 00c8bfc8a

Rebooting...
ets Jul 29 2019 12:21:46

rst:0xc (SW_CPU_RESET),boot:0x13 (SPI_FAST_FLASH_BOOT)
configsip: 0, SPIWP:0xee
clk_drv:0x00,q_drv:0x00,d_drv:0x00,cs0_drv:0x00,hd_drv:0x00,wp_drv:0x00
mode:DIO, clock div:2
load:0x3fff0030,len:7132
ho 0 tail 12 room 4
load:0x40078000,len:15708
load:0x40080400,len:4
ho 8 tail 4 room 4
load:0x40080404,len:3884
entry 0x40080650
[0;32mI (32) boot: ESP-IDF v5.2-dev-2317-g3247253671 2nd stage bootloader[0m
[0;32mI (32) boot: compile time Aug 21 2023 11:32:09[0m
[0;32mI (35) boot: Multicore bootloader[0m
[0;32mI (39) boot: chip revision: v3.0[0m
[0;32mI (42) boot.esp32: SPI Speed      : 40MHz[0m
[0;32mI (47) boot.esp32: SPI Mode       : DIO[0m
[0;32mI (52) boot.esp32: SPI Flash Size : 2MB[0m
[0;32mI (56) boot: Enabling RNG early entropy source...[0m
[0;32mI (62) boot: Partition Table:[0m
[0;32mI (65) boot: ## Label            Usage          Type ST Offset   Length[0m
[0;32mI (73) boot:  0 nvs              WiFi data        01 02 00009000 00006000[0m
[0;32mI (80) boot:  1 phy_init         RF data          01 01 0000f000 00001000[0m
[0;32mI (87) boot:  2 factory          factory app      00 00 00010000 00100000[0m
[0;32mI (95) boot: End of partition table[0m
[0;32mI (99) esp_image: segment 0: paddr=00010020 vaddr=3f400020 size=0b1c0h ( 45504) map[0m
[0;32mI (124) esp_image: segment 1: paddr=0001b1e8 vaddr=3ffb0000 size=02168h (  8552) load[0m
[0;32mI (128) esp_image: segment 2: paddr=0001d358 vaddr=40080000 size=02cc0h ( 11456) load[0m
[0;32mI (135) esp_image: segment 3: paddr=00020020 vaddr=400d0020 size=16598h ( 91544) map[0m
[0;32mI (171) esp_image: segment 4: paddr=000365c0 vaddr=40082cc0 size=0a344h ( 41796) load[0m
[0;32mI (195) boot: Loaded app from partition at offset 0x10000[0m
[0;32mI (196) boot: Disabling RNG early entropy source...[0m
[0;32mI (207) cpu_start: Multicore app[0m
[0;32mI (207) cpu_start: Pro cpu up.[0m
[0;32mI (207) cpu_start: Starting app cpu, entry point is 0x40081128[0m
[0;32mI (194) cpu_start: App cpu up.[0m
[0;32mI (225) cpu_start: Pro cpu start user code[0m
[0;32mI (226) cpu_start: cpu freq: 160000000 Hz[0m
[0;32mI (226) cpu_start: Application information:[0m
[0;32mI (230) cpu_start: Project name:     read_analog[0m
[0;32mI (236) cpu_start: App version:      d1e0eff-dirty[0m
[0;32mI (241) cpu_start: Compile time:     Aug 21 2023 11:32:01[0m
[0;32mI (247) cpu_start: ELF file SHA256:  00c8bfc8a...[0m
[0;32mI (253) cpu_start: ESP-IDF:          v5.2-dev-2317-g3247253671[0m
[0;32mI (259) cpu_start: Min chip rev:     v0.0[0m
[0;32mI (264) cpu_start: Max chip rev:     v3.99 [0m
[0;32mI (269) cpu_start: Chip rev:         v3.0[0m
[0;32mI (274) heap_init: Initializing. RAM available for dynamic allocation:[0m
[0;32mI (281) heap_init: At 3FFAE6E0 len 00001920 (6 KiB): DRAM[0m
[0;32mI (287) heap_init: At 3FFB29F0 len 0002D610 (181 KiB): DRAM[0m
[0;32mI (293) heap_init: At 3FFE0440 len 00003AE0 (14 KiB): D/IRAM[0m
[0;32mI (299) heap_init: At 3FFE4350 len 0001BCB0 (111 KiB): D/IRAM[0m
[0;32mI (306) heap_init: At 4008D004 len 00012FFC (75 KiB): IRAM[0m
[0;32mI (313) spi_flash: detected chip: generic[0m
[0;32mI (316) spi_flash: flash io: dio[0m
[0;33mW (320) spi_flash: Detected size(4096k) larger than the size in the binary image header(2048k). Using the size in the binary image header.[0m
[0;32mI (334) app_start: Starting scheduler on CPU0[0m
[0;32mI (339) app_start: Starting scheduler on CPU1[0m
[0;32mI (339) main_task: Started on CPU0[0m
[0;32mI (349) main_task: Calling app_main()[0m
[0;32mI (349) EXAMPLE: adc_pattern[0].atten is :0[0m
[0;32mI (349) EXAMPLE: adc_pattern[0].channel is :1[0m
[0;32mI (359) EXAMPLE: adc_pattern[0].unit is :1[0m
[0;32mI (359) EXAMPLE: adc_pattern[1].atten is :0[0m
[0;32mI (369) EXAMPLE: adc_pattern[1].channel is :0[0m
[0;32mI (369) EXAMPLE: adc_pattern[1].unit is :1[0m
[0;31mE (379) adc_continuous: adc_continuous_config(527): Only support using ADC1 DMA mode[0m
ESP_ERROR_CHECK failed: esp_err_t 0x102 (ESP_ERR_INVALID_ARG) at 0x400d5556
file: "./main/read_analog_main.c" line 83
func: continuous_adc_init
expression: adc_continuous_config(handle, &dig_cfg)

abort() was called at PC 0x4008661f on core 0


Backtrace: 0x4008175e:0x3ffb4a20 0x40086629:0x3ffb4a40 0x4008b986:0x3ffb4a60 0x4008661f:0x3ffb4ad0 0x400d5556:0x3ffb4b00 0x400d55a1:0x3ffb4ba0 0x400e5d98:0x3ffb4cf0 0x40088bd1:0x3ffb4d20




ELF file SHA256: 00c8bfc8a

Rebooting...
ets Jul 29 2019 12:21:46

rst:0xc (SW_CPU_RESET),boot:0x13 (SPI_FAST_FLASH_BOOT)
configsip: 0, SPIWP:0xee
clk_drv:0x00,q_drv:0x00,d_drv:0x00,cs0_drv:0x00,hd_drv:0x00,wp_drv:0x00
mode:DIO, clock div:2
load:0x3fff0030,len:7132
ho 0 tail 12 room 4
load:0x40078000,len:15708
load:0x40080400,len:4
ho 8 tail 4 room 4
load:0x40080404,len:3884
entry 0x40080650
[0;32mI (32) boot: ESP-IDF v5.2-dev-2317-g3247253671 2nd stage bootloader[0m
[0;32mI (32) boot: compile time Aug 21 2023 11:32:09[0m
[0;32mI (35) boot: Multicore bootloader[0m
[0;32mI (39) boot: chip revision: v3.0[0m
[0;32mI (42) boot.esp32: SPI Speed      : 40MHz[0m
[0;32mI (47) boot.esp32: SPI Mode       : DIO[0m
[0;32mI (52) boot.esp32: SPI Flash Size : 2MB[0m
[0;32mI (56) boot: Enabling RNG early entropy source...[0m
[0;32mI (62) boot: Partition Table:[0m
[0;32mI (65) boot: ## Label            Usage          Type ST Offset   Length[0m
[0;32mI (72) boot:  0 nvs              WiFi data        01 02 00009000 00006000[0m
[0;32mI (80) boot:  1 phy_init         RF data          01 01 0000f000 00001000[0m
[0;32mI (87) boot:  2 factory          factory app      00 00 00010000 00100000[0m
[0;32mI (95) boot: End of partition table[0m
[0;32mI (99) esp_image: segment 0: paddr=00010020 vaddr=3f400020 size=0b1c0h ( 45504) map[0m
[0;32mI (124) esp_image: segment 1: paddr=0001b1e8 vaddr=3ffb0000 size=02168h (  8552) load[0m
[0;32mI (128) esp_image: segment 2: paddr=0001d358 vaddr=40080000 size=02cc0h ( 11456) load[0m
[0;32mI (135) esp_image: segment 3: paddr=00020020 vaddr=400d0020 size=16598h ( 91544) map[0m
[0;32mI (171) esp_image: segment 4: paddr=000365c0 vaddr=40082cc0 size=0a344h ( 41796) load[0m
[0;32mI (195) boot: Loaded app from partition at offset 0x10000[0m
[0;32mI (196) boot: Disabling RNG early entropy source...[0m
[0;32mI (207) cpu_start: Multicore app[0m
[0;32mI (207) cpu_start: Pro cpu up.[0m
[0;32mI (207) cpu_start: Starting app cpu, entry point is 0x40081128[0m
[0;32mI (194) cpu_start: App cpu up.[0m
[0;32mI (225) cpu_start: Pro cpu start user code[0m
[0;32mI (226) cpu_start: cpu freq: 160000000 Hz[0m
[0;32mI (226) cpu_start: Application information:[0m
[0;32mI (230) cpu_start: Project name:     read_analog[0m
[0;32mI (236) cpu_start: App version:      d1e0eff-dirty[0m
[0;32mI (241) cpu_start: Compile time:     Aug 21 2023 11:32:01[0m
[0;32mI (247) cpu_start: ELF file SHA256:  00c8bfc8a...[0m
[0;32mI (253) cpu_start: ESP-IDF:          v5.2-dev-2317-g3247253671[0m
[0;32mI (259) cpu_start: Min chip rev:     v0.0[0m
[0;32mI (264) cpu_start: Max chip rev:     v3.99 [0m
[0;32mI (269) cpu_start: Chip rev:         v3.0[0m
[0;32mI (274) heap_init: Initializing. RAM available for dynamic allocation:[0m
[0;32mI (281) heap_init: At 3FFAE6E0 len 00001920 (6 KiB): DRAM[0m
[0;32mI (287) heap_init: At 3FFB29F0 len 0002D610 (181 KiB): DRAM[0m
[0;32mI (293) heap_init: At 3FFE0440 len 00003AE0 (14 KiB): D/IRAM[0m
[0;32mI (299) heap_init: At 3FFE4350 len 0001BCB0 (111 KiB): D/IRAM[0m
[0;32mI (306) heap_init: At 4008D004 len 00012FFC (75 KiB): IRAM[0m
[0;32mI (313) spi_flash: detected chip: generic[0m
[0;32mI (316) spi_flash: flash io: dio[0m
[0;33mW (320) spi_flash: Detected size(4096k) larger than the size in the binary image header(2048k). Using the size in the binary image header.[0m
[0;32mI (334) app_start: Starting scheduler on CPU0[0m
[0;32mI (339) app_start: Starting scheduler on CPU1[0m
[0;32mI (339) main_task: Started on CPU0[0m
[0;32mI (349) main_task: Calling app_main()[0m
[0;32mI (349) EXAMPLE: adc_pattern[0].atten is :0[0m
[0;32mI (349) EXAMPLE: adc_pattern[0].channel is :1[0m
[0;32mI (359) EXAMPLE: adc_pattern[0].unit is :1[0m
[0;32mI (359) EXAMPLE: adc_pattern[1].atten is :0[0m
[0;32mI (369) EXAMPLE: adc_pattern[1].channel is :0[0m
[0;32mI (369) EXAMPLE: adc_pattern[1].unit is :1[0m
[0;31mE (379) adc_continuous: adc_continuous_config(527): Only support using ADC1 DMA mode[0m
ESP_ERROR_CHECK failed: esp_err_t 0x102 (ESP_ERR_INVALID_ARG) at 0x400d5556
file: "./main/read_analog_main.c" line 83
func: continuous_adc_init
expression: adc_continuous_config(handle, &dig_cfg)

abort() was called at PC 0x4008661f on core 0


Backtrace: 0x4008175e:0x3ffb4a20 0x40086629:0x3ffb4a40 0x4008b986:0x3ffb4a60 0x4008661f:0x3ffb4ad0 0x400d5556:0x3ffb4b00 0x400d55a1:0x3ffb4ba0 0x400e5d98:0x3ffb4cf0 0x40088bd1:0x3ffb4d20




ELF file SHA256: 00c8bfc8a

Rebooting...
ets Jul 29 2019 12:21:46

rst:0xc (SW_CPU_RESET),boot:0x13 (SPI_FAST_FLASH_BOOT)
configsip: 0, SPIWP:0xee
clk_drv:0x00,q_drv:0x00,d_drv:0x00,cs0_drv:0x00,hd_drv:0x00,wp_drv:0x00
mode:DIO, clock div:2
load:0x3fff0030,len:7132
ho 0 tail 12 room 4
load:0x40078000,len:15708
load:0x40080400,len:4
ho 8 tail 4 room 4
load:0x40080404,len:3884
entry 0x40080650
[0;32mI (32) boot: ESP-IDF v5.2-dev-2317-g3247253671 2nd stage bootloader[0m
[0;32mI (32) boot: compile time Aug 21 2023 11:32:09[0m
[0;32mI (35) boot: Multicore bootloader[0m
[0;32mI (39) boot: chip revision: v3.0[0m
[0;32mI (42) boot.esp32: SPI Speed      : 40MHz[0m
[0;32mI (47) boot.esp32: SPI Mode       : DIO[0m
[0;32mI (52) boot.esp32: SPI Flash Size : 2MB[0m
[0;32mI (56) boot: Enabling RNG early entropy source...[0m
[0;32mI (62) boot: Partition Table:[0m
[0;32mI (65) boot: ## Label            Usage          Type ST Offset   Length[0m
[0;32mI (72) boot:  0 nvs              WiFi data        01 02 00009000 00006000[0m
[0;32mI (80) boot:  1 phy_init         RF data          01 01 0000f000 00001000[0m
[0;32mI (87) boot:  2 factory          factory app      00 00 00010000 00100000[0m
[0;32mI (95) boot: End of partition table[0m
[0;32mI (99) esp_image: segment 0: paddr=00010020 vaddr=3f400020 size=0b1c0h ( 45504) map[0m
[0;32mI (124) esp_image: segment 1: paddr=0001b1e8 vaddr=3ffb0000 size=02168h (  8552) load[0m
[0;32mI (128) esp_image: segment 2: paddr=0001d358 vaddr=40080000 size=02cc0h ( 11456) load[0m
[0;32mI (135) esp_image: segment 3: paddr=00020020 vaddr=400d0020 size=16598h ( 91544) map[0m
[0;32mI (171) esp_image: segment 4: paddr=000365c0 vaddr=40082cc0 size=0a344h ( 41796) load[0m
[0;32mI (195) boot: Loaded app from partition at offset 0x10000[0m
[0;32mI (196) boot: Disabling RNG early entropy source...[0m
[0;32mI (207) cpu_start: Multicore app[0m
[0;32mI (207) cpu_start: Pro cpu up.[0m
[0;32mI (207) cpu_start: Starting app cpu, entry point is 0x40081128[0m
[0;32mI (194) cpu_start: App cpu up.[0m
[0;32mI (225) cpu_start: Pro cpu start user code[0m
[0;32mI (226) cpu_start: cpu freq: 160000000 Hz[0m
[0;32mI (226) cpu_start: Application information:[0m
[0;32mI (230) cpu_start: Project name:     read_analog[0m
[0;32mI (236) cpu_start: App version:      d1e0eff-dirty[0m
[0;32mI (241) cpu_start: Compile time:     Aug 21 2023 11:32:01[0m
[0;32mI (247) cpu_start: ELF file SHA256:  00c8bfc8a...[0m
[0;32mI (253) cpu_start: ESP-IDF:          v5.2-dev-2317-g3247253671[0m
[0;32mI (259) cpu_start: Min chip rev:     v0.0[0m
[0;32mI (264) cpu_start: Max chip rev:     v3.99 [0m
[0;32mI (269) cpu_start: Chip rev:         v3.0[0m
[0;32mI (274) heap_init: Initializing. RAM available for dynamic allocation:[0m
[0;32mI (281) heap_init: At 3FFAE6E0 len 00001920 (6 KiB): DRAM[0m
[0;32mI (287) heap_init: At 3FFB29F0 len 0002D610 (181 KiB): DRAM[0m
[0;32mI (293) heap_init: At 3FFE0440 len 00003AE0 (14 KiB): D/IRAM[0m
[0;32mI (299) heap_init: At 3FFE4350 len 0001BCB0 (111 KiB): D/IRAM[0m
[0;32mI (306) heap_init: At 4008D004 len 00012FFC (75 KiB): IRAM[0m
[0;32mI (313) spi_flash: detected chip: generic[0m
[0;32mI (316) spi_flash: flash io: dio[0m
[0;33mW (320) spi_flash: Detected size(4096k) larger than the size in the binary image header(2048k). Using the size in the binary image header.[0m
[0;32mI (334) app_start: Starting scheduler on CPU0[0m
[0;32mI (339) app_start: Starting scheduler on CPU1[0m
[0;32mI (339) main_task: Started on CPU0[0m
[0;32mI (349) main_task: Calling app_main()[0m
[0;32mI (349) EXAMPLE: adc_pattern[0].atten is :0[0m
[0;32mI (349) EXAMPLE: adc_pattern[0].channel is :1[0m
[0;32mI (359) EXAMPLE: adc_pattern[0].unit is :1[0m
[0;32mI (359) EXAMPLE: adc_pattern[1].atten is :0[0m
[0;32mI (369) EXAMPLE: adc_pattern[1].channel is :0[0m
[0;32mI (369) EXAMPLE: adc_pattern[1].unit is :1[0m
[0;31mE (379) adc_continuous: adc_continuous_config(527): Only support using ADC1 DMA mode[0m
ESP_ERROR_CHECK failed: esp_err_t 0x102 (ESP_ERR_INVALID_ARG) at 0x400d5556
file: "./main/read_analog_main.c" line 83
func: continuous_adc_init
expression: adc_continuous_config(handle, &dig_cfg)

abort() was called at PC 0x4008661f on core 0


Backtrace: 0x4008175e:0x3ffb4a20 0x40086629:0x3ffb4a40 0x4008b986:0x3ffb4a60 0x4008661f:0x3ffb4ad0 0x400d5556:0x3ffb4b00 0x400d55a1:0x3ffb4ba0 0x400e5d98:0x3ffb4cf0 0x40088bd1:0x3ffb4d20




ELF file SHA256: 00c8bfc8a

Rebooting...
ets Jul 29 2019 12:21:46

rst:0xc (SW_CPU_RESET),boot:0x13 (SPI_FAST_FLASH_BOOT)
configsip: 0, SPIWP:0xee
clk_drv:0x00,q_drv:0x00,d_drv:0x00,cs0_drv:0x00,hd_drv:0x00,wp_drv:0x00
mode:DIO, clock div:2
load:0x3fff0030,len:7132
ho 0 tail 12 room 4
load:0x40078000,len:15708
load:0x40080400,len:4
ho 8 tail 4 room 4
load:0x40080404,len:3884
entry 0x40080650
[0;32mI (32) boot: ESP-IDF v5.2-dev-2317-g3247253671 2nd stage bootloader[0m
[0;32mI (32) boot: compile time Aug 21 2023 11:32:09[0m
[0;32mI (35) boot: Multicore bootloader[0m
[0;32mI (39) boot: chip revision: v3.0[0m
[0;32mI (42) boot.esp32: SPI Speed      : 40MHz[0m
[0;32mI (47) boot.esp32: SPI Mode       : DIO[0m
[0;32mI (52) boot.esp32: SPI Flash Size : 2MB[0m
[0;32mI (56) boot: Enabling RNG early entropy source...[0m
[0;32mI (62) boot: Partition Table:[0m
[0;32mI (65) boot: ## Label            Usage          Type ST Offset   Length[0m
[0;32mI (72) boot:  0 nvs              WiFi data        01 02 00009000 00006000[0m
[0;32mI (80) boot:  1 phy_init         RF data          01 01 0000f000 00001000[0m
[0;32mI (87) boot:  2 factory          factory app      00 00 00010000 00100000[0m
[0;32mI (95) boot: End of partition table[0m
[0;32mI (99) esp_image: segment 0: paddr=00010020 vaddr=3f400020 size=0b1c0h ( 45504) map[0m
[0;32mI (124) esp_image: segment 1: paddr=0001b1e8 vaddr=3ffb0000 size=02168h (  8552) load[0m
[0;32mI (128) esp_image: segment 2: paddr=0001d358 vaddr=40080000 size=02cc0h ( 11456) load[0m
[0;32mI (135) esp_image: segment 3: paddr=00020020 vaddr=400d0020 size=16598h ( 91544) map[0m
[0;32mI (171) esp_image: segment 4: paddr=000365c0 vaddr=40082cc0 size=0a344h ( 41796) load[0m
[0;32mI (195) boot: Loaded app from partition at offset 0x10000[0m
[0;32mI (196) boot: Disabling RNG early entropy source...[0m
[0;32mI (207) cpu_start: Multicore app[0m
[0;32mI (207) cpu_start: Pro cpu up.[0m
[0;32mI (207) cpu_start: Starting app cpu, entry point is 0x40081128[0m
[0;32mI (194) cpu_start: App cpu up.[0m
[0;32mI (225) cpu_start: Pro cpu start user code[0m
[0;32mI (226) cpu_start: cpu freq: 160000000 Hz[0m
[0;32mI (226) cpu_start: Application information:[0m
[0;32mI (230) cpu_start: Project name:     read_analog[0m
[0;32mI (236) cpu_start: App version:      d1e0eff-dirty[0m
[0;32mI (241) cpu_start: Compile time:     Aug 21 2023 11:32:01[0m
[0;32mI (247) cpu_start: ELF file SHA256:  00c8bfc8a...[0m
[0;32mI (253) cpu_start: ESP-IDF:          v5.2-dev-2317-g3247253671[0m
[0;32mI (259) cpu_start: Min chip rev:     v0.0[0m
[0;32mI (264) cpu_start: Max chip rev:     v3.99 [0m
[0;32mI (269) cpu_start: Chip rev:         v3.0[0m
[0;32mI (274) heap_init: Initializing. RAM available for dynamic allocation:[0m
[0;32mI (281) heap_init: At 3FFAE6E0 len 00001920 (6 KiB): DRAM[0m
[0;32mI (287) heap_init: At 3FFB29F0 len 0002D610 (181 KiB): DRAM[0m
[0;32mI (293) heap_init: At 3FFE0440 len 00003AE0 (14 KiB): D/IRAM[0m
[0;32mI (299) heap_init: At 3FFE4350 len 0001BCB0 (111 KiB): D/IRAM[0m
[0;32mI (306) heap_init: At 4008D004 len 00012FFC (75 KiB): IRAM[0m
[0;32mI (313) spi_flash: detected chip: generic[0m
[0;32mI (316) spi_flash: flash io: dio[0m
[0;33mW (320) spi_flash: Detected size(4096k) larger than the size in the binary image header(2048k). Using the size in the binary image header.[0m
[0;32mI (334) app_start: Starting scheduler on CPU0[0m
[0;32mI (339) app_start: Starting scheduler on CPU1[0m
[0;32mI (339) main_task: Started on CPU0[0m
[0;32mI (349) main_task: Calling app_main()[0m
[0;32mI (349) EXAMPLE: adc_pattern[0].atten is :0[0m
[0;32mI (349) EXAMPLE: adc_pattern[0].channel is :1[0m
[0;32mI (359) EXAMPLE: adc_pattern[0].unit is :1[0m
[0;32mI (359) EXAMPLE: adc_pattern[1].atten is :0[0m
[0;32mI (369) EXAMPLE: adc_pattern[1].channel is :0[0m
[0;32mI (369) EXAMPLE: adc_pattern[1].unit is :1[0m
[0;31mE (379) adc_continuous: adc_continuous_config(527): Only support using ADC1 DMA mode[0m
ESP_ERROR_CHECK failed: esp_err_t 0x102 (ESP_ERR_INVALID_ARG) at 0x400d5556
file: "./main/read_analog_main.c" line 83
func: continuous_adc_init
expression: adc_continuous_config(handle, &dig_cfg)

abort() was called at PC 0x4008661f on core 0


Backtrace: 0x4008175e:0x3ffb4a20 0x40086629:0x3ffb4a40 0x4008b986:0x3ffb4a60 0x4008661f:0x3ffb4ad0 0x400d5556:0x3ffb4b00 0x400d55a1:0x3ffb4ba0 0x400e5d98:0x3ffb4cf0 0x40088bd1:0x3ffb4d20




ELF file SHA256: 00c8bfc8a

Rebooting...
ets Jul 29 2019 12:21:46

rst:0xc (SW_CPU_RESET),boot:0x13 (SPI_FAST_FLASH_BOOT)
configsip: 0, SPIWP:0xee
clk_drv:0x00,q_drv:0x00,d_drv:0x00,cs0_drv:0x00,hd_drv:0x00,wp_drv:0x00
mode:DIO, clock div:2
load:0x3fff0030,len:7132
ho 0 tail 12 room 4
load:0x40078000,len:15708
load:0x40080400,len:4
ho 8 tail 4 room 4
load:0x40080404,len:3884
entry 0x40080650
[0;32mI (32) boot: ESP-IDF v5.2-dev-2317-g3247253671 2nd stage bootloader[0m
[0;32mI (32) boot: compile time Aug 21 2023 11:32:09[0m
[0;32mI (35) boot: Multicore bootloader[0m
[0;32mI (39) boot: chip revision: v3.0[0m
[0;32mI (42) boot.esp32: SPI Speed      : 40MHz[0m
[0;32mI (47) boot.esp32: SPI Mode       : DIO[0m
[0;32mI (52) boot.esp32: SPI Flash Size : 2MB[0m
[0;32mI (56) boot: Enabling RNG early entropy source...[0m
[0;32mI (62) boot: Partition Table:[0m
[0;32mI (65) boot: ## Label            Usage          Type ST Offset   Length[0m
[0;32mI (72) boot:  0 nvs              WiFi data        01 02 00009000 00006000[0m
[0;32mI (80) boot:  1 phy_init         RF data          01 01 0000f000 00001000[0m
[0;32mI (87) boot:  2 factory          factory app      00 00 00010000 00100000[0m
[0;32mI (95) boot: End of partition table[0m
[0;32mI (99) esp_image: segment 0: paddr=00010020 vaddr=3f400020 size=0b1c0h ( 45504) map[0m
[0;32mI (124) esp_image: segment 1: paddr=0001b1e8 vaddr=3ffb0000 size=02168h (  8552) load[0m
[0;32mI (128) esp_image: segment 2: paddr=0001d358 vaddr=40080000 size=02cc0h ( 11456) load[0m
[0;32mI (135) esp_image: segment 3: paddr=00020020 vaddr=400d0020 size=16598h ( 91544) map[0m
[0;32mI (171) esp_image: segment 4: paddr=000365c0 vaddr=40082cc0 size=0a344h ( 41796) load[0m
[0;32mI (195) boot: Loaded app from partition at offset 0x10000[0m
[0;32mI (196) boot: Disabling RNG early entropy source...[0m
[0;32mI (207) cpu_start: Multicore app[0m
[0;32mI (207) cpu_start: Pro cpu up.[0m
[0;32mI (207) cpu_start: Starting app cpu, entry point is 0x40081128[0m
[0;32mI (194) cpu_start: App cpu up.[0m
[0;32mI (225) cpu_start: Pro cpu start user code[0m
[0;32mI (226) cpu_start: cpu freq: 160000000 Hz[0m
[0;32mI (226) cpu_start: Application information:[0m
[0;32mI (230) cpu_start: Project name:     read_analog[0m
[0;32mI (236) cpu_start: App version:      d1e0eff-dirty[0m
[0;32mI (241) cpu_start: Compile time:     Aug 21 2023 11:32:01[0m
[0;32mI (247) cpu_start: ELF file SHA256:  00c8bfc8a...[0m
[0;32mI (253) cpu_start: ESP-IDF:          v5.2-dev-2317-g3247253671[0m
[0;32mI (259) cpu_start: Min chip rev:     v0.0[0m
[0;32mI (264) cpu_start: Max chip rev:     v3.99 [0m
[0;32mI (269) cpu_start: Chip rev:         v3.0[0m
[0;32mI (274) heap_init: Initializing. RAM available for dynamic allocation:[0m
[0;32mI (281) heap_init: At 3FFAE6E0 len 00001920 (6 KiB): DRAM[0m
[0;32mI (287) heap_init: At 3FFB29F0 len 0002D610 (181 KiB): DRAM[0m
[0;32mI (293) heap_init: At 3FFE0440 len 00003AE0 (14 KiB): D/IRAM[0m
[0;32mI (299) heap_init: At 3FFE4350 len 0001BCB0 (111 KiB): D/IRAM[0m
[0;32mI (306) heap_init: At 4008D004 len 00012FFC (75 KiB): IRAM[0m
[0;32mI (313) spi_flash: detected chip: generic[0m
[0;32mI (316) spi_flash: flash io: dio[0m
[0;33mW (320) spi_flash: Detected size(4096k) larger than the size in the binary image header(2048k). Using the size in the binary image header.[0m
[0;32mI (334) app_start: Starting scheduler on CPU0[0m
[0;32mI (339) app_start: Starting scheduler on CPU1[0m
[0;32mI (339) main_task: Started on CPU0[0m
[0;32mI (349) main_task: Calling app_main()[0m
[0;32mI (349) EXAMPLE: adc_pattern[0].atten is :0[0m
[0;32mI (349) EXAMPLE: adc_pattern[0].channel is :1[0m
[0;32mI (359) EXAMPLE: adc_pattern[0].unit is :1[0m
[0;32mI (359) EXAMPLE: adc_pattern[1].atten is :0[0m
[0;32mI (369) EXAMPLE: adc_pattern[1].channel is :0[0m
[0;32mI (369) EXAMPLE: adc_pattern[1].unit is :1[0m
[0;31mE (379) adc_continuous: adc_continuous_config(527): Only support using ADC1 DMA mode[0m
ESP_ERROR_CHECK failed: esp_err_t 0x102 (ESP_ERR_INVALID_ARG) at 0x400d5556
file: "./main/read_analog_main.c" line 83
func: continuous_adc_init
expression: adc_continuous_config(handle, &dig_cfg)

abort() was called at PC 0x4008661f on core 0


Backtrace: 0x4008175e:0x3ffb4a20 0x40086629:0x3ffb4a40 0x4008b986:0x3ffb4a60 0x4008661f:0x3ffb4ad0 0x400d5556:0x3ffb4b00 0x400d55a1:0x3ffb4ba0 0x400e5d98:0x3ffb4cf0 0x40088bd1:0x3ffb4d20




ELF file SHA256: 00c8bfc8a

Rebooting...
ets Jul 29 2019 12:21:46

rst:0xc (SW_CPU_RESET),boot:0x13 (SPI_FAST_FLASH_BOOT)
configsip: 0, SPIWP:0xee
clk_drv:0x00,q_drv:0x00,d_drv:0x00,cs0_drv:0x00,hd_drv:0x00,wp_drv:0x00
mode:DIO, clock div:2
load:0x3fff0030,len:7132
ho 0 tail 12 room 4
load:0x40078000,len:15708
load:0x40080400,len:4
ho 8 tail 4 room 4
load:0x40080404,len:3884
entry 0x40080650
[0;32mI (32) boot: ESP-IDF v5.2-dev-2317-g3247253671 2nd stage bootloader[0m
[0;32mI (32) boot: compile time Aug 21 2023 11:32:09[0m
[0;32mI (35) boot: Multicore bootloader[0m
[0;32mI (39) boot: chip revision: v3.0[0m
[0;32mI (42) boot.esp32: SPI Speed      : 40MHz[0m
[0;32mI (47) boot.esp32: SPI Mode       : DIO[0m
[0;32mI (52) boot.esp32: SPI Flash Size : 2MB[0m
[0;32mI (56) boot: Enabling RNG early entropy source...[0m
[0;32mI (62) boot: Partition Table:[0m
[0;32mI (65) boot: ## Label            Usage          Type ST Offset   Length[0m
[0;32mI (72) boot:  0 nvs              WiFi data        01 02 00009000 00006000[0m
[0;32mI (80) boot:  1 phy_init         RF data          01 01 0000f000 00001000[0m
[0;32mI (87) boot:  2 factory          factory app      00 00 00010000 00100000[0m
[0;32mI (95) boot: End of partition table[0m
[0;32mI (99) esp_image: segment 0: paddr=00010020 vaddr=3f400020 size=0b1c0h ( 45504) map[0m
[0;32mI (124) esp_image: segment 1: paddr=0001b1e8 vaddr=3ffb0000 size=02168h (  8552) load[0m
[0;32mI (128) esp_image: segment 2: paddr=0001d358 vaddr=40080000 size=02cc0h ( 11456) load[0m
[0;32mI (135) esp_image: segment 3: paddr=00020020 vaddr=400d0020 size=16598h ( 91544) map[0m
[0;32mI (171) esp_image: segment 4: paddr=000365c0 vaddr=40082cc0 size=0a344h ( 41796) load[0m
[0;32mI (195) boot: Loaded app from partition at offset 0x10000[0m
[0;32mI (196) boot: Disabling RNG early entropy source...[0m
[0;32mI (207) cpu_start: Multicore app[0m
[0;32mI (207) cpu_start: Pro cpu up.[0m
[0;32mI (207) cpu_start: Starting app cpu, entry point is 0x40081128[0m
[0;32mI (194) cpu_start: App cpu up.[0m
[0;32mI (225) cpu_start: Pro cpu start user code[0m
[0;32mI (226) cpu_start: cpu freq: 160000000 Hz[0m
[0;32mI (226) cpu_start: Application information:[0m
[0;32mI (230) cpu_start: Project name:     read_analog[0m
[0;32mI (236) cpu_start: App version:      d1e0eff-dirty[0m
[0;32mI (241) cpu_start: Compile time:     Aug 21 2023 11:32:01[0m
[0;32mI (247) cpu_start: ELF file SHA256:  00c8bfc8a...[0m
[0;32mI (253) cpu_start: ESP-IDF:          v5.2-dev-2317-g3247253671[0m
[0;32mI (259) cpu_start: Min chip rev:     v0.0[0m
[0;32mI (264) cpu_start: Max chip rev:     v3.99 [0m
[0;32mI (269) cpu_start: Chip rev:         v3.0[0m
[0;32mI (274) heap_init: Initializing. RAM available for dynamic allocation:[0m
[0;32mI (281) heap_init: At 3FFAE6E0 len 00001920 (6 KiB): DRAM[0m
[0;32mI (287) heap_init: At 3FFB29F0 len 0002D610 (181 KiB): DRAM[0m
[0;32mI (293) heap_init: At 3FFE0440 len 00003AE0 (14 KiB): D/IRAM[0m
[0;32mI (299) heap_init: At 3FFE4350 len 0001BCB0 (111 KiB): D/IRAM[0m
[0;32mI (306) heap_init: At 4008D004 len 00012FFC (75 KiB): IRAM[0m
[0;32mI (313) spi_flash: detected chip: generic[0m
[0;32mI (316) spi_flash: flash io: dio[0m
[0;33mW (320) spi_flash: Detected size(4096k) larger than the size in the binary image header(2048k). Using the size in the binary image header.[0m
[0;32mI (334) app_start: Starting scheduler on CPU0[0m
[0;32mI (339) app_start: Starting scheduler on CPU1[0m
[0;32mI (339) main_task: Started on CPU0[0m
[0;32mI (349) main_task: Calling app_main()[0m
[0;32mI (349) EXAMPLE: adc_pattern[0].atten is :0[0m
[0;32mI (349) EXAMPLE: adc_pattern[0].channel is :1[0m
[0;32mI (359) EXAMPLE: adc_pattern[0].unit is :1[0m
[0;32mI (359) EXAMPLE: adc_pattern[1].atten is :0[0m
[0;32mI (369) EXAMPLE: adc_pattern[1].channel is :0[0m
[0;32mI (369) EXAMPLE: adc_pattern[1].unit is :1[0m
[0;31mE (379) adc_continuous: adc_continuous_config(527): Only support using ADC1 DMA mode[0m
ESP_ERROR_CHECK failed: esp_err_t 0x102 (ESP_ERR_INVALID_ARG) at 0x400d5556
file: "./main/read_analog_main.c" line 83
func: continuous_adc_init
expression: adc_continuous_config(handle, &dig_cfg)

abort() was called at PC 0x4008661f on core 0


Backtrace: 0x4008175e:0x3ffb4a20 0x40086629:0x3ffb4a40 0x4008b986:0x3ffb4a60 0x4008661f:0x3ffb4ad0 0x400d5556:0x3ffb4b00 0x400d55a1:0x3ffb4ba0 0x400e5d98:0x3ffb4cf0 0x40088bd1:0x3ffb4d20




ELF file SHA256: 00c8bfc8a

Rebooting...
ets Jul 29 2019 12:21:46

rst:0xc (SW_CPU_RESET),boot:0x13 (SPI_FAST_FLASH_BOOT)
configsip: 0, SPIWP:0xee
clk_drv:0x00,q_drv:0x00,d_drv:0x00,cs0_drv:0x00,hd_drv:0x00,wp_drv:0x00
mode:DIO, clock div:2
load:0x3fff0030,len:7132
ho 0 tail 12 room 4
load:0x40078000,len:15708
load:0x40080400,len:4
ho 8 tail 4 room 4
load:0x40080404,len:3884
entry 0x40080650
[0;32mI (32) boot: ESP-IDF v5.2-dev-2317-g3247253671 2nd stage bootloader[0m
[0;32mI (32) boot: compile time Aug 21 2023 11:32:09[0m
[0;32mI (35) boot: Multicore bootloader[0m
[0;32mI (39) boot: chip revision: v3.0[0m
[0;32mI (42) boot.esp32: SPI Speed      : 40MHz[0m
[0;32mI (47) boot.esp32: SPI Mode       : DIO[0m
[0;32mI (52) boot.esp32: SPI Flash Size : 2MB[0m
[0;32mI (56) boot: Enabling RNG early entropy source...[0m
[0;32mI (62) boot: Partition Table:[0m
[0;32mI (65) boot: ## Label            Usage          Type ST Offset   Length[0m
[0;32mI (73) boot:  0 nvs              WiFi data        01 02 00009000 00006000[0m
[0;32mI (80) boot:  1 phy_init         RF data          01 01 0000f000 00001000[0m
[0;32mI (87) boot:  2 factory          factory app      00 00 00010000 00100000[0m
[0;32mI (95) boot: End of partition table[0m
[0;32mI (99) esp_image: segment 0: paddr=00010020 vaddr=3f400020 size=0b1c0h ( 45504) map[0m
[0;32mI (124) esp_image: segment 1: paddr=0001b1e8 vaddr=3ffb0000 size=02168h (  8552) load[0m
[0;32mI (128) esp_image: segment 2: paddr=0001d358 vaddr=40080000 size=02cc0h ( 11456) load[0m
[0;32mI (135) esp_image: segment 3: paddr=00020020 vaddr=400d0020 size=16598h ( 91544) map[0m
[0;32mI (171) esp_image: segment 4: paddr=000365c0 vaddr=40082cc0 size=0a344h ( 41796) load[0m
[0;32mI (195) boot: Loaded app from partition at offset 0x10000[0m
[0;32mI (196) boot: Disabling RNG early entropy source...[0m
[0;32mI (207) cpu_start: Multicore app[0m
[0;32mI (207) cpu_start: Pro cpu up.[0m
[0;32mI (207) cpu_start: Starting app cpu, entry point is 0x40081128[0m
[0;32mI (194) cpu_start: App cpu up.[0m
[0;32mI (225) cpu_start: Pro cpu start user code[0m
[0;32mI (226) cpu_start: cpu freq: 160000000 Hz[0m
[0;32mI (226) cpu_start: Application information:[0m
[0;32mI (230) cpu_start: Project name:     read_analog[0m
[0;32mI (236) cpu_start: App version:      d1e0eff-dirty[0m
[0;32mI (241) cpu_start: Compile time:     Aug 21 2023 11:32:01[0m
[0;32mI (247) cpu_start: ELF file SHA256:  00c8bfc8a...[0m
[0;32mI (253) cpu_start: ESP-IDF:          v5.2-dev-2317-g3247253671[0m
[0;32mI (259) cpu_start: Min chip rev:     v0.0[0m
[0;32mI (264) cpu_start: Max chip rev:     v3.99 [0m
[0;32mI (269) cpu_start: Chip rev:         v3.0[0m
[0;32mI (274) heap_init: Initializing. RAM available for dynamic allocation:[0m
[0;32mI (281) heap_init: At 3FFAE6E0 len 00001920 (6 KiB): DRAM[0m
[0;32mI (287) heap_init: At 3FFB29F0 len 0002D610 (181 KiB): DRAM[0m
[0;32mI (293) heap_init: At 3FFE0440 len 00003AE0 (14 KiB): D/IRAM[0m
[0;32mI (299) heap_init: At 3FFE4350 len 0001BCB0 (111 KiB): D/IRAM[0m
[0;32mI (306) heap_init: At 4008D004 len 00012FFC (75 KiB): IRAM[0m
[0;32mI (313) spi_flash: detected chip: generic[0m
[0;32mI (316) spi_flash: flash io: dio[0m
[0;33mW (320) spi_flash: Detected size(4096k) larger than the size in the binary image header(2048k). Using the size in the binary image header.[0m
[0;32mI (334) app_start: Starting scheduler on CPU0[0m
[0;32mI (339) app_start: Starting scheduler on CPU1[0m
[0;32mI (339) main_task: Started on CPU0[0m
[0;32mI (349) main_task: Calling app_main()[0m
[0;32mI (349) EXAMPLE: adc_pattern[0].atten is :0[0m
[0;32mI (349) EXAMPLE: adc_pattern[0].channel is :1[0m
[0;32mI (359) EXAMPLE: adc_pattern[0].unit is :1[0m
[0;32mI (359) EXAMPLE: adc_pattern[1].atten is :0[0m
[0;32mI (369) EXAMPLE: adc_pattern[1].channel is :0[0m
[0;32mI (369) EXAMPLE: adc_pattern[1].unit is :1[0m
[0;31mE (379) adc_continuous: adc_continuous_config(527): Only support using ADC1 DMA mode[0m
ESP_ERROR_CHECK failed: esp_err_t 0x102 (ESP_ERR_INVALID_ARG) at 0x400d5556
file: "./main/read_analog_main.c" line 83
func: continuous_adc_init
expression: adc_continuous_config(handle, &dig_cfg)

abort() was called at PC 0x4008661f on core 0


Backtrace: 0x4008175e:0x3ffb4a20 0x40086629:0x3ffb4a40 0x4008b986:0x3ffb4a60 0x4008661f:0x3ffb4ad0 0x400d5556:0x3ffb4b00 0x400d55a1:0x3ffb4ba0 0x400e5d98:0x3ffb4cf0 0x40088bd1:0x3ffb4d20




ELF file SHA256: 00c8bfc8a

Rebooting...
ets Jul 29 2019 12:21:46

rst:0xc (SW_CPU_RESET),boot:0x13 (SPI_FAST_FLASH_BOOT)
configsip: 0, SPIWP:0xee
clk_drv:0x00,q_drv:0x00,d_drv:0x00,cs0_drv:0x00,hd_drv:0x00,wp_drv:0x00
mode:DIO, clock div:2
load:0x3fff0030,len:7132
ho 0 tail 12 room 4
load:0x40078000,len:15708
load:0x40080400,len:4
ho 8 tail 4 room 4
load:0x40080404,len:3884
entry 0x40080650
[0;32mI (32) boot: ESP-IDF v5.2-dev-2317-g3247253671 2nd stage bootloader[0m
[0;32mI (32) boot: compile time Aug 21 2023 11:32:09[0m
[0;32mI (35) boot: Multicore bootloader[0m
[0;32mI (39) boot: chip revision: v3.0[0m
[0;32mI (42) boot.esp32: SPI Speed      : 40MHz[0m
[0;32mI (47) boot.esp32: SPI Mode       : DIO[0m
[0;32mI (52) boot.esp32: SPI Flash Size : 2MB[0m
[0;32mI (56) boot: Enabling RNG early entropy source...[0m
[0;32mI (62) boot: Partition Table:[0m
[0;32mI (65) boot: ## Label            Usage          Type ST Offset   Length[0m
[0;32mI (73) boot:  0 nvs              WiFi data        01 02 00009000 00006000[0m
[0;32mI (80) boot:  1 phy_init         RF data          01 01 0000f000 00001000[0m
[0;32mI (87) boot:  2 factory          factory app      00 00 00010000 00100000[0m
[0;32mI (95) boot: End of partition table[0m
[0;32mI (99) esp_image: segment 0: paddr=00010020 vaddr=3f400020 size=0b1c0h ( 45504) map[0m
[0;32mI (124) esp_image: segment 1: paddr=0001b1e8 vaddr=3ffb0000 size=02168h (  8552) load[0m
[0;32mI (128) esp_image: segment 2: paddr=0001d358 vaddr=40080000 size=02cc0h ( 11456) load[0m
[0;32mI (135) esp_image: segment 3: paddr=00020020 vaddr=400d0020 size=16598h ( 91544) map[0m
[0;32mI (171) esp_image: segment 4: paddr=000365c0 vaddr=40082cc0 size=0a344h ( 41796) load[0m
[0;32mI (195) boot: Loaded app from partition at offset 0x10000[0m
[0;32mI (196) boot: Disabling RNG early entropy source...[0m
[0;32mI (207) cpu_start: Multicore app[0m
[0;32mI (207) cpu_start: Pro cpu up.[0m
[0;32mI (207) cpu_start: Starting app cpu, entry point is 0x40081128[0m
[0;32mI (194) cpu_start: App cpu up.[0m
[0;32mI (225) cpu_start: Pro cpu start user code[0m
[0;32mI (226) cpu_start: cpu freq: 160000000 Hz[0m
[0;32mI (226) cpu_start: Application information:[0m
[0;32mI (230) cpu_start: Project name:     read_analog[0m
[0;32mI (236) cpu_start: App version:      d1e0eff-dirty[0m
[0;32mI (241) cpu_start: Compile time:     Aug 21 2023 11:32:01[0m
[0;32mI (247) cpu_start: ELF file SHA256:  00c8bfc8a...[0m
[0;32mI (253) cpu_start: ESP-IDF:          v5.2-dev-2317-g3247253671[0m
[0;32mI (259) cpu_start: Min chip rev:     v0.0[0m
[0;32mI (264) cpu_start: Max chip rev:     v3.99 [0m
[0;32mI (269) cpu_start: Chip rev:         v3.0[0m
[0;32mI (274) heap_init: Initializing. RAM available for dynamic allocation:[0m
[0;32mI (281) heap_init: At 3FFAE6E0 len 00001920 (6 KiB): DRAM[0m
[0;32mI (287) heap_init: At 3FFB29F0 len 0002D610 (181 KiB): DRAM[0m
[0;32mI (293) heap_init: At 3FFE0440 len 00003AE0 (14 KiB): D/IRAM[0m
[0;32mI (299) heap_init: At 3FFE4350 len 0001BCB0 (111 KiB): D/IRAM[0m
[0;32mI (306) heap_init: At 4008D004 len 00012FFC (75 KiB): IRAM[0m
[0;32mI (313) spi_flash: detected chip: generic[0m
[0;32mI (316) spi_flash: flash io: dio[0m
[0;33mW (320) spi_flash: Detected size(4096k) larger than the size in the binary image header(2048k). Using the size in the binary image header.[0m
[0;32mI (334) app_start: Starting scheduler on CPU0[0m
[0;32mI (339) app_start: Starting scheduler on CPU1[0m
[0;32mI (339) main_task: Started on CPU0[0m
[0;32mI (349) main_task: Calling app_main()[0m
[0;32mI (349) EXAMPLE: adc_pattern[0].atten is :0[0m
[0;32mI (349) EXAMPLE: adc_pattern[0].channel is :1[0m
[0;32mI (359) EXAMPLE: adc_pattern[0].unit is :1[0m
[0;32mI (359) EXAMPLE: adc_pattern[1].atten is :0[0m
[0;32mI (369) EXAMPLE: adc_pattern[1].channel is :0[0m
[0;32mI (369) EXAMPLE: adc_pattern[1].unit is :1[0m
[0;31mE (379) adc_continuous: adc_continuous_config(527): Only support using ADC1 DMA mode[0m
ESP_ERROR_CHECK failed: esp_err_t 0x102 (ESP_ERR_INVALID_ARG) at 0x400d5556
file: "./main/read_analog_main.c" line 83
func: continuous_adc_init
expression: adc_continuous_config(handle, &dig_cfg)

abort() was called at PC 0x4008661f on core 0


Backtrace: 0x4008175e:0x3ffb4a20 0x40086629:0x3ffb4a40 0x4008b986:0x3ffb4a60 0x4008661f:0x3ffb4ad0 0x400d5556:0x3ffb4b00 0x400d55a1:0x3ffb4ba0 0x400e5d98:0x3ffb4cf0 0x40088bd1:0x3ffb4d20




ELF file SHA256: 00c8bfc8a

Rebooting...
ets Jul 29 2019 12:21:46

rst:0xc (SW_CPU_RESET),boot:0x13 (SPI_FAST_FLASH_BOOT)
configsip: 0, SPIWP:0xee
clk_drv:0x00,q_drv:0x00,d_drv:0x00,cs0_drv:0x00,hd_drv:0x00,wp_drv:0x00
mode:DIO, clock div:2
load:0x3fff0030,len:7132
ho 0 tail 12 room 4
load:0x40078000,len:15708
load:0x40080400,len:4
ho 8 tail 4 room 4
load:0x40080404,len:3884
entry 0x40080650
[0;32mI (32) boot: ESP-IDF v5.2-dev-2317-g3247253671 2nd stage bootloader[0m
[0;32mI (32) boot: compile time Aug 21 2023 11:32:09[0m
[0;32mI (35) boot: Multicore bootloader[0m
[0;32mI (39) boot: chip revision: v3.0[0m
[0;32mI (42) boot.esp32: SPI Speed      : 40MHz[0m
[0;32mI (47) boot.esp32: SPI Mode       : DIO[0m
[0;32mI (52) boot.esp32: SPI Flash Size : 2MB[0m
[0;32mI (56) boot: Enabling RNG early entropy source...[0m
[0;32mI (62) boot: Partition Table:[0m
[0;32mI (65) boot: ## Label            Usage          Type ST Offset   Length[0m
[0;32mI (72) boot:  0 nvs              WiFi data        01 02 00009000 00006000[0m
[0;32mI (80) boot:  1 phy_init         RF data          01 01 0000f000 00001000[0m
[0;32mI (87) boot:  2 factory          factory app      00 00 00010000 00100000[0m
[0;32mI (95) boot: End of partition table[0m
[0;32mI (99) esp_image: segment 0: paddr=00010020 vaddr=3f400020 size=0b1c0h ( 45504) map[0m
[0;32mI (124) esp_image: segment 1: paddr=0001b1e8 vaddr=3ffb0000 size=02168h (  8552) load[0m
[0;32mI (128) esp_image: segment 2: paddr=0001d358 vaddr=40080000 size=02cc0h ( 11456) load[0m
[0;32mI (135) esp_image: segment 3: paddr=00020020 vaddr=400d0020 size=16598h ( 91544) map[0m
[0;32mI (171) esp_image: segment 4: paddr=000365c0 vaddr=40082cc0 size=0a344h ( 41796) load[0m
[0;32mI (195) boot: Loaded app from partition at offset 0x10000[0m
[0;32mI (196) boot: Disabling RNG early entropy source...[0m
[0;32mI (207) cpu_start: Multicore app[0m
[0;32mI (207) cpu_start: Pro cpu up.[0m
[0;32mI (207) cpu_start: Starting app cpu, entry point is 0x40081128[0m
[0;32mI (194) cpu_start: App cpu up.[0m
[0;32mI (226) cpu_start: Pro cpu start user code[0m
[0;32mI (226) cpu_start: cpu freq: 160000000 Hz[0m
[0;32mI (226) cpu_start: Application information:[0m
[0;32mI (230) cpu_start: Project name:     read_analog[0m
[0;32mI (236) cpu_start: App version:      d1e0eff-dirty[0m
[0;32mI (241) cpu_start: Compile time:     Aug 21 2023 11:32:01[0m
[0;32mI (247) cpu_start: ELF file SHA256:  00c8bfc8a...[0m
[0;32mI (253) cpu_start: ESP-IDF:          v5.2-dev-2317-g3247253671[0m
[0;32mI (259) cpu_start: Min chip rev:     v0.0[0m
[0;32mI (264) cpu_start: Max chip rev:     v3.99 [0m
[0;32mI (269) cpu_start: Chip rev:         v3.0[0m
[0;32mI (274) heap_init: Initializing. RAM available for dynamic allocation:[0m
[0;32mI (281) heap_init: At 3FFAE6E0 len 00001920 (6 KiB): DRAM[0m
[0;32mI (287) heap_init: At 3FFB29F0 len 0002D610 (181 KiB): DRAM[0m
[0;32mI (293) heap_init: At 3FFE0440 len 00003AE0 (14 KiB): D/IRAM[0m
[0;32mI (299) heap_init: At 3FFE4350 len 0001BCB0 (111 KiB): D/IRAM[0m
[0;32mI (306) heap_init: At 4008D004 len 00012FFC (75 KiB): IRAM[0m
[0;32mI (313) spi_flash: detected chip: generic[0m
[0;32mI (316) spi_flash: flash io: dio[0m
[0;33mW (320) spi_flash: Detected size(4096k) larger than the size in the binary image header(2048k). Using the size in the binary image header.[0m
[0;32mI (334) app_start: Starting scheduler on CPU0[0m
[0;32mI (339) app_start: Starting scheduler on CPU1[0m
[0;32mI (339) main_task: Started on CPU0[0m
[0;32mI (349) main_task: Calling app_main()[0m
[0;32mI (349) EXAMPLE: adc_pattern[0].atten is :0[0m
[0;32mI (349) EXAMPLE: adc_pattern[0].channel is :1[0m
[0;32mI (359) EXAMPLE: adc_pattern[0].unit is :1[0m
[0;32mI (359) EXAMPLE: adc_pattern[1].atten is :0[0m
[0;32mI (369) EXAMPLE: adc_pattern[1].channel is :0[0m
[0;32mI (369) EXAMPLE: adc_pattern[1].unit is :1[0m
[0;31mE (379) adc_continuous: adc_continuous_config(527): Only support using ADC1 DMA mode[0m
ESP_ERROR_CHECK failed: esp_err_t 0x102 (ESP_ERR_INVALID_ARG) at 0x400d5556
file: "./main/read_analog_main.c" line 83
func: continuous_adc_init
expression: adc_continuous_config(handle, &dig_cfg)

abort() was called at PC 0x4008661f on core 0


Backtrace: 0x4008175e:0x3ffb4a20 0x40086629:0x3ffb4a40 0x4008b986:0x3ffb4a60 0x4008661f:0x3ffb4ad0 0x400d5556:0x3ffb4b00 0x400d55a1:0x3ffb4ba0 0x400e5d98:0x3ffb4cf0 0x40088bd1:0x3ffb4d20




ELF file SHA256: 00c8bfc8a

Rebooting...
ets Jul 29 2019 12:21:46

rst:0xc (SW_CPU_RESET),boot:0x13 (SPI_FAST_FLASH_BOOT)
configsip: 0, SPIWP:0xee
clk_drv:0x00,q_drv:0x00,d_drv:0x00,cs0_drv:0x00,hd_drv:0x00,wp_drv:0x00
mode:DIO, clock div:2
load:0x3fff0030,len:7132
ho 0 tail 12 room 4
load:0x40078000,len:15708
load:0x40080400,len:4
ho 8 tail 4 room 4
load:0x40080404,len:3884
entry 0x40080650
[0;32mI (32) boot: ESP-IDF v5.2-dev-2317-g3247253671 2nd stage bootloader[0m
[0;32mI (32) boot: compile time Aug 21 2023 11:32:09[0m
[0;32mI (35) boot: Multicore bootloader[0m
[0;32mI (39) boot: chip revision: v3.0[0m
[0;32mI (42) boot.esp32: SPI Speed      : 40MHz[0m
[0;32mI (47) boot.esp32: SPI Mode       : DIO[0m
[0;32mI (52) boot.esp32: SPI Flash Size : 2MB[0m
[0;32mI (56) boot: Enabling RNG early entropy source...[0m
[0;32mI (62) boot: Partition Table:[0m
[0;32mI (65) boot: ## Label            Usage          Type ST Offset   Length[0m
[0;32mI (73) boot:  0 nvs              WiFi data        01 02 00009000 00006000[0m
[0;32mI (80) boot:  1 phy_init         RF data          01 01 0000f000 00001000[0m
[0;32mI (87) boot:  2 factory          factory app      00 00 00010000 00100000[0m
[0;32mI (95) boot: End of partition table[0m
[0;32mI (99) esp_image: segment 0: paddr=00010020 vaddr=3f400020 size=0b1c0h ( 45504) map[0m
[0;32mI (124) esp_image: segment 1: paddr=0001b1e8 vaddr=3ffb0000 size=02168h (  8552) load[0m
[0;32mI (128) esp_image: segment 2: paddr=0001d358 vaddr=40080000 size=02cc0h ( 11456) load[0m
[0;32mI (135) esp_image: segment 3: paddr=00020020 vaddr=400d0020 size=16598h ( 91544) map[0m
[0;32mI (171) esp_image: segment 4: paddr=000365c0 vaddr=40082cc0 size=0a344h ( 41796) load[0m
[0;32mI (195) boot: Loaded app from partition at offset 0x10000[0m
[0;32mI (196) boot: Disabling RNG early entropy source...[0m
[0;32mI (207) cpu_start: Multicore app[0m
[0;32mI (207) cpu_start: Pro cpu up.[0m
[0;32mI (207) cpu_start: Starting app cpu, entry point is 0x40081128[0m
[0;32mI (194) cpu_start: App cpu up.[0m
[0;32mI (225) cpu_start: Pro cpu start user code[0m
[0;32mI (226) cpu_start: cpu freq: 160000000 Hz[0m
[0;32mI (226) cpu_start: Application information:[0m
[0;32mI (230) cpu_start: Project name:     read_analog[0m
[0;32mI (236) cpu_start: App version:      d1e0eff-dirty[0m
[0;32mI (241) cpu_start: Compile time:     Aug 21 2023 11:32:01[0m
[0;32mI (247) cpu_start: ELF file SHA256:  00c8bfc8a...[0m
[0;32mI (253) cpu_start: ESP-IDF:          v5.2-dev-2317-g3247253671[0m
[0;32mI (259) cpu_start: Min chip rev:     v0.0[0m
[0;32mI (264) cpu_start: Max chip rev:     v3.99 [0m
[0;32mI (269) cpu_start: Chip rev:         v3.0[0m
[0;32mI (274) heap_init: Initializing. RAM available for dynamic allocation:[0m
[0;32mI (281) heap_init: At 3FFAE6E0 len 00001920 (6 KiB): DRAM[0m
[0;32mI (287) heap_init: At 3FFB29F0 len 0002D610 (181 KiB): DRAM[0m
[0;32mI (293) heap_init: At 3FFE0440 len 00003AE0 (14 KiB): D/IRAM[0m
[0;32mI (299) heap_init: At 3FFE4350 len 0001BCB0 (111 KiB): D/IRAM[0m
[0;32mI (306) heap_init: At 4008D004 len 00012FFC (75 KiB): IRAM[0m
[0;32mI (313) spi_flash: detected chip: generic[0m
[0;32mI (316) spi_flash: flash io: dio[0m
[0;33mW (320) spi_flash: Detected size(4096k) larger than the size in the binary image header(2048k). Using the size in the binary image header.[0m
[0;32mI (334) app_start: Starting scheduler on CPU0[0m
[0;32mI (339) app_start: Starting scheduler on CPU1[0m
[0;32mI (339) main_task: Started on CPU0[0m
[0;32mI (349) main_task: Calling app_main()[0m
[0;32mI (349) EXAMPLE: adc_pattern[0].atten is :0[0m
[0;32mI (349) EXAMPLE: adc_pattern[0].channel is :1[0m
[0;32mI (359) EXAMPLE: adc_pattern[0].unit is :1[0m
[0;32mI (359) EXAMPLE: adc_pattern[1].atten is :0[0m
[0;32mI (369) EXAMPLE: adc_pattern[1].channel is :0[0m
[0;32mI (369) EXAMPLE: adc_pattern[1].unit is :1[0m
[0;31mE (379) adc_continuous: adc_continuous_config(527): Only support using ADC1 DMA mode[0m
ESP_ERROR_CHECK failed: esp_err_t 0x102 (ESP_ERR_INVALID_ARG) at 0x400d5556
file: "./main/read_analog_main.c" line 83
func: continuous_adc_init
expression: adc_continuous_config(handle, &dig_cfg)

abort() was called at PC 0x4008661f on core 0


Backtrace: 0x4008175e:0x3ffb4a20 0x40086629:0x3ffb4a40 0x4008b986:0x3ffb4a60 0x4008661f:0x3ffb4ad0 0x400d5556:0x3ffb4b00 0x400d55a1:0x3ffb4ba0 0x400e5d98:0x3ffb4cf0 0x40088bd1:0x3ffb4d20




ELF file SHA256: 00c8bfc8a

Rebooting...
ets Jul 29 2019 12:21:46

rst:0xc (SW_CPU_RESET),boot:0x13 (SPI_FAST_FLASH_BOOT)
configsip: 0, SPIWP:0xee
clk_drv:0x00,q_drv:0x00,d_drv:0x00,cs0_drv:0x00,hd_drv:0x00,wp_drv:0x00
mode:DIO, clock div:2
load:0x3fff0030,len:7132
ho 0 tail 12 room 4
load:0x40078000,len:15708
load:0x40080400,len:4
ho 8 tail 4 room 4
load:0x40080404,len:3884
entry 0x40080650
[0;32mI (32) boot: ESP-IDF v5.2-dev-2317-g3247253671 2nd stage bootloader[0m
[0;32mI (32) boot: compile time Aug 21 2023 11:32:09[0m
[0;32mI (35) boot: Multicore bootloader[0m
[0;32mI (39) boot: chip revision: v3.0[0m
[0;32mI (42) boot.esp32: SPI Speed      : 40MHz[0m
[0;32mI (47) boot.esp32: SPI Mode       : DIO[0m
[0;32mI (52) boot.esp32: SPI Flash Size : 2MB[0m
[0;32mI (56) boot: Enabling RNG early entropy source...[0m
[0;32mI (62) boot: Partition Table:[0m
[0;32mI (65) boot: ## Label            Usage          Type ST Offset   Length[0m
[0;32mI (72) boot:  0 nvs              WiFi data        01 02 00009000 00006000[0m
[0;32mI (80) boot:  1 phy_init         RF data          01 01 0000f000 00001000[0m
[0;32mI (87) boot:  2 factory          factory app      00 00 00010000 00100000[0m
[0;32mI (95) boot: End of partition table[0m
[0;32mI (99) esp_image: segment 0: paddr=00010020 vaddr=3f400020 size=0b1c0h ( 45504) map[0m
[0;32mI (124) esp_image: segment 1: paddr=0001b1e8 vaddr=3ffb0000 size=02168h (  8552) load[0m
[0;32mI (128) esp_image: segment 2: paddr=0001d358 vaddr=40080000 size=02cc0h ( 11456) load[0m
[0;32mI (135) esp_image: segment 3: paddr=00020020 vaddr=400d0020 size=16598h ( 91544) map[0m
[0;32mI (171) esp_image: segment 4: paddr=000365c0 vaddr=40082cc0 size=0a344h ( 41796) load[0m
[0;32mI (195) boot: Loaded app from partition at offset 0x10000[0m
[0;32mI (196) boot: Disabling RNG early entropy source...[0m
[0;32mI (207) cpu_start: Multicore app[0m
[0;32mI (207) cpu_start: Pro cpu up.[0m
[0;32mI (207) cpu_start: Starting app cpu, entry point is 0x40081128[0m
[0;32mI (194) cpu_start: App cpu up.[0m
[0;32mI (225) cpu_start: Pro cpu start user code[0m
[0;32mI (226) cpu_start: cpu freq: 160000000 Hz[0m
[0;32mI (226) cpu_start: Application information:[0m
[0;32mI (230) cpu_start: Project name:     read_analog[0m
[0;32mI (236) cpu_start: App version:      d1e0eff-dirty[0m
[0;32mI (241) cpu_start: Compile time:     Aug 21 2023 11:32:01[0m
[0;32mI (247) cpu_start: ELF file SHA256:  00c8bfc8a...[0m
[0;32mI (253) cpu_start: ESP-IDF:          v5.2-dev-2317-g3247253671[0m
[0;32mI (259) cpu_start: Min chip rev:     v0.0[0m
[0;32mI (264) cpu_start: Max chip rev:     v3.99 [0m
[0;32mI (269) cpu_start: Chip rev:         v3.0[0m
[0;32mI (274) heap_init: Initializing. RAM available for dynamic allocation:[0m
[0;32mI (281) heap_init: At 3FFAE6E0 len 00001920 (6 KiB): DRAM[0m
[0;32mI (287) heap_init: At 3FFB29F0 len 0002D610 (181 KiB): DRAM[0m
[0;32mI (293) heap_init: At 3FFE0440 len 00003AE0 (14 KiB): D/IRAM[0m
[0;32mI (299) heap_init: At 3FFE4350 len 0001BCB0 (111 KiB): D/IRAM[0m
[0;32mI (306) heap_init: At 4008D004 len 00012FFC (75 KiB): IRAM[0m
[0;32mI (313) spi_flash: detected chip: generic[0m
[0;32mI (316) spi_flash: flash io: dio[0m
[0;33mW (320) spi_flash: Detected size(4096k) larger than the size in the binary image header(2048k). Using the size in the binary image header.[0m
[0;32mI (334) app_start: Starting scheduler on CPU0[0m
[0;32mI (339) app_start: Starting scheduler on CPU1[0m
[0;32mI (339) main_task: Started on CPU0[0m
[0;32mI (349) main_task: Calling app_main()[0m
[0;32mI (349) EXAMPLE: adc_pattern[0].atten is :0[0m
[0;32mI (349) EXAMPLE: adc_pattern[0].channel is :1[0m
[0;32mI (359) EXAMPLE: adc_pattern[0].unit is :1[0m
[0;32mI (359) EXAMPLE: adc_pattern[1].atten is :0[0m
[0;32mI (369) EXAMPLE: adc_pattern[1].channel is :0[0m
[0;32mI (369) EXAMPLE: adc_pattern[1].unit is :1[0m
[0;31mE (379) adc_continuous: adc_continuous_config(527): Only support using ADC1 DMA mode[0m
ESP_ERROR_CHECK failed: esp_err_t 0x102 (ESP_ERR_INVALID_ARG) at 0x400d5556
file: "./main/read_analog_main.c" line 83
func: continuous_adc_init
expression: adc_continuous_config(handle, &dig_cfg)

abort() was called at PC 0x4008661f on core 0


Backtrace: 0x4008175e:0x3ffb4a20 0x40086629:0x3ffb4a40 0x4008b986:0x3ffb4a60 0x4008661f:0x3ffb4ad0 0x400d5556:0x3ffb4b00 0x400d55a1:0x3ffb4ba0 0x400e5d98:0x3ffb4cf0 0x40088bd1:0x3ffb4d20




ELF file SHA256: 00c8bfc8a

Rebooting...
ets Jul 29 2019 12:21:46

rst:0xc (SW_CPU_RESET),boot:0x13 (SPI_FAST_FLASH_BOOT)
configsip: 0, SPIWP:0xee
clk_drv:0x00,q_drv:0x00,d_drv:0x00,cs0_drv:0x00,hd_drv:0x00,wp_drv:0x00
mode:DIO, clock div:2
load:0x3fff0030,len:7132
ho 0 tail 12 room 4
load:0x40078000,len:15708
load:0x40080400,len:4
ho 8 tail 4 room 4
load:0x40080404,len:3884
entry 0x40080650
[0;32mI (32) boot: ESP-IDF v5.2-dev-2317-g3247253671 2nd stage bootloader[0m
[0;32mI (32) boot: compile time Aug 21 2023 11:32:09[0m
[0;32mI (35) boot: Multicore bootloader[0m
[0;32mI (39) boot: chip revision: v3.0[0m
[0;32mI (42) boot.esp32: SPI Speed      : 40MHz[0m
[0;32mI (47) boot.esp32: SPI Mode       : DIO[0m
[0;32mI (52) boot.esp32: SPI Flash Size : 2MB[0m
[0;32mI (56) boot: Enabling RNG early entropy source...[0m
[0;32mI (62) boot: Partition Table:[0m
[0;32mI (65) boot: ## Label            Usage          Type ST Offset   Length[0m
[0;32mI (72) boot:  0 nvs              WiFi data        01 02 00009000 00006000[0m
[0;32mI (80) boot:  1 phy_init         RF data          01 01 0000f000 00001000[0m
[0;32mI (87) boot:  2 factory          factory app      00 00 00010000 00100000[0m
[0;32mI (95) boot: End of partition table[0m
[0;32mI (99) esp_image: segment 0: paddr=00010020 vaddr=3f400020 size=0b1c0h ( 45504) map[0m
[0;32mI (124) esp_image: segment 1: paddr=0001b1e8 vaddr=3ffb0000 size=02168h (  8552) load[0m
[0;32mI (128) esp_image: segment 2: paddr=0001d358 vaddr=40080000 size=02cc0h ( 11456) load[0m
[0;32mI (135) esp_image: segment 3: paddr=00020020 vaddr=400d0020 size=16598h ( 91544) map[0m
[0;32mI (171) esp_image: segment 4: paddr=000365c0 vaddr=40082cc0 size=0a344h ( 41796) load[0m
[0;32mI (195) boot: Loaded app from partition at offset 0x10000[0m
[0;32mI (196) boot: Disabling RNG early entropy source...[0m
[0;32mI (207) cpu_start: Multicore app[0m
[0;32mI (207) cpu_start: Pro cpu up.[0m
[0;32mI (207) cpu_start: Starting app cpu, entry point is 0x40081128[0m
[0;32mI (194) cpu_start: App cpu up.[0m
[0;32mI (225) cpu_start: Pro cpu start user code[0m
[0;32mI (226) cpu_start: cpu freq: 160000000 Hz[0m
[0;32mI (226) cpu_start: Application information:[0m
[0;32mI (230) cpu_start: Project name:     read_analog[0m
[0;32mI (236) cpu_start: App version:      d1e0eff-dirty[0m
[0;32mI (241) cpu_start: Compile time:     Aug 21 2023 11:32:01[0m
[0;32mI (247) cpu_start: ELF file SHA256:  00c8bfc8a...[0m
[0;32mI (253) cpu_start: ESP-IDF:          v5.2-dev-2317-g3247253671[0m
[0;32mI (259) cpu_start: Min chip rev:     v0.0[0m
[0;32mI (264) cpu_start: Max chip rev:     v3.99 [0m
[0;32mI (269) cpu_start: Chip rev:         v3.0[0m
[0;32mI (274) heap_init: Initializing. RAM available for dynamic allocation:[0m
[0;32mI (281) heap_init: At 3FFAE6E0 len 00001920 (6 KiB): DRAM[0m
[0;32mI (287) heap_init: At 3FFB29F0 len 0002D610 (181 KiB): DRAM[0m
[0;32mI (293) heap_init: At 3FFE0440 len 00003AE0 (14 KiB): D/IRAM[0m
[0;32mI (299) heap_init: At 3FFE4350 len 0001BCB0 (111 KiB): D/IRAM[0m
[0;32mI (306) heap_init: At 4008D004 len 00012FFC (75 KiB): IRAM[0m
[0;32mI (313) spi_flash: detected chip: generic[0m
[0;32mI (316) spi_flash: flash io: dio[0m
[0;33mW (320) spi_flash: Detected size(4096k) larger than the size in the binary image header(2048k). Using the size in the binary image header.[0m
[0;32mI (334) app_start: Starting scheduler on CPU0[0m
[0;32mI (339) app_start: Starting scheduler on CPU1[0m
[0;32mI (339) main_task: Started on CPU0[0m
[0;32mI (349) main_task: Calling app_main()[0m
[0;32mI (349) EXAMPLE: adc_pattern[0].atten is :0[0m
[0;32mI (349) EXAMPLE: adc_pattern[0].channel is :1[0m
[0;32mI (359) EXAMPLE: adc_pattern[0].unit is :1[0m
[0;32mI (359) EXAMPLE: adc_pattern[1].atten is :0[0m
[0;32mI (369) EXAMPLE: adc_pattern[1].channel is :0[0m
[0;32mI (369) EXAMPLE: adc_pattern[1].unit is :1[0m
[0;31mE (379) adc_continuous: adc_continuous_config(527): Only support using ADC1 DMA mode[0m
ESP_ERROR_CHECK failed: esp_err_t 0x102 (ESP_ERR_INVALID_ARG) at 0x400d5556
file: "./main/read_analog_main.c" line 83
func: continuous_adc_init
expression: adc_continuous_config(handle, &dig_cfg)

abort() was called at PC 0x4008661f on core 0


Backtrace: 0x4008175e:0x3ffb4a20 0x40086629:0x3ffb4a40 0x4008b986:0x3ffb4a60 0x4008661f:0x3ffb4ad0 0x400d5556:0x3ffb4b00 0x400d55a1:0x3ffb4ba0 0x400e5d98:0x3ffb4cf0 0x40088bd1:0x3ffb4d20




ELF file SHA256: 00c8bfc8a

Rebooting...
ets Jul 29 2019 12:21:46

rst:0xc (SW_CPU_RESET),boot:0x13 (SPI_FAST_FLASH_BOOT)
configsip: 0, SPIWP:0xee
clk_drv:0x00,q_drv:0x00,d_drv:0x00,cs0_drv:0x00,hd_drv:0x00,wp_drv:0x00
mode:DIO, clock div:2
load:0x3fff0030,len:7132
ho 0 tail 12 room 4
load:0x40078000,len:15708
load:0x40080400,len:4
ho 8 tail 4 room 4
load:0x40080404,len:3884
entry 0x40080650
[0;32mI (32) boot: ESP-IDF v5.2-dev-2317-g3247253671 2nd stage bootloader[0m
[0;32mI (32) boot: compile time Aug 21 2023 11:32:09[0m
[0;32mI (35) boot: Multicore bootloader[0m
[0;32mI (39) boot: chip revision: v3.0[0m
[0;32mI (42) boot.esp32: SPI Speed      : 40MHz[0m
[0;32mI (47) boot.esp32: SPI Mode       : DIO[0m
[0;32mI (52) boot.esp32: SPI Flash Size : 2MB[0m
[0;32mI (56) boot: Enabling RNG early entropy source...[0m
[0;32mI (62) boot: Partition Table:[0m
[0;32mI (65) boot: ## Label            Usage          Type ST Offset   Length[0m
[0;32mI (72) boot:  0 nvs              WiFi data        01 02 00009000 00006000[0m
[0;32mI (80) boot:  1 phy_init         RF data          01 01 0000f000 00001000[0m
[0;32mI (87) boot:  2 factory          factory app      00 00 00010000 00100000[0m
[0;32mI (95) boot: End of partition table[0m
[0;32mI (99) esp_image: segment 0: paddr=00010020 vaddr=3f400020 size=0b1c0h ( 45504) map[0m
[0;32mI (124) esp_image: segment 1: paddr=0001b1e8 vaddr=3ffb0000 size=02168h (  8552) load[0m
[0;32mI (128) esp_image: segment 2: paddr=0001d358 vaddr=40080000 size=02cc0h ( 11456) load[0m
[0;32mI (135) esp_image: segment 3: paddr=00020020 vaddr=400d0020 size=16598h ( 91544) map[0m
[0;32mI (171) esp_image: segment 4: paddr=000365c0 vaddr=40082cc0 size=0a344h ( 41796) load[0m
[0;32mI (195) boot: Loaded app from partition at offset 0x10000[0m
[0;32mI (196) boot: Disabling RNG early entropy source...[0m
[0;32mI (207) cpu_start: Multicore app[0m
[0;32mI (207) cpu_start: Pro cpu up.[0m
[0;32mI (207) cpu_start: Starting app cpu, entry point is 0x40081128[0m
[0;32mI (194) cpu_start: App cpu up.[0m
[0;32mI (225) cpu_start: Pro cpu start user code[0m
[0;32mI (226) cpu_start: cpu freq: 160000000 Hz[0m
[0;32mI (226) cpu_start: Application information:[0m
[0;32mI (230) cpu_start: Project name:     read_analog[0m
[0;32mI (236) cpu_start: App version:      d1e0eff-dirty[0m
[0;32mI (241) cpu_start: Compile time:     Aug 21 2023 11:32:01[0m
[0;32mI (247) cpu_start: ELF file SHA256:  00c8bfc8a...[0m
[0;32mI (253) cpu_start: ESP-IDF:          v5.2-dev-2317-g3247253671[0m
[0;32mI (259) cpu_start: Min chip rev:     v0.0[0m
[0;32mI (264) cpu_start: Max chip rev:     v3.99 [0m
[0;32mI (269) cpu_start: Chip rev:         v3.0[0m
[0;32mI (274) heap_init: Initializing. RAM available for dynamic allocation:[0m
[0;32mI (281) heap_init: At 3FFAE6E0 len 00001920 (6 KiB): DRAM[0m
[0;32mI (287) heap_init: At 3FFB29F0 len 0002D610 (181 KiB): DRAM[0m
[0;32mI (293) heap_init: At 3FFE0440 len 00003AE0 (14 KiB): D/IRAM[0m
[0;32mI (299) heap_init: At 3FFE4350 len 0001BCB0 (111 KiB): D/IRAM[0m
[0;32mI (306) heap_init: At 4008D004 len 00012FFC (75 KiB): IRAM[0m
[0;32mI (313) spi_flash: detected chip: generic[0m
[0;32mI (316) spi_flash: flash io: dio[0m
[0;33mW (320) spi_flash: Detected size(4096k) larger than the size in the binary image header(2048k). Using the size in the binary image header.[0m
[0;32mI (334) app_start: Starting scheduler on CPU0[0m
[0;32mI (339) app_start: Starting scheduler on CPU1[0m
[0;32mI (339) main_task: Started on CPU0[0m
[0;32mI (349) main_task: Calling app_main()[0m
[0;32mI (349) EXAMPLE: adc_pattern[0].atten is :0[0m
[0;32mI (349) EXAMPLE: adc_pattern[0].channel is :1[0m
[0;32mI (359) EXAMPLE: adc_pattern[0].unit is :1[0m
[0;32mI (359) EXAMPLE: adc_pattern[1].atten is :0[0m
[0;32mI (369) EXAMPLE: adc_pattern[1].channel is :0[0m
[0;32mI (369) EXAMPLE: adc_pattern[1].unit is :1[0m
[0;31mE (379) adc_continuous: adc_continuous_config(527): Only support using ADC1 DMA mode[0m
ESP_ERROR_CHECK failed: esp_err_t 0x102 (ESP_ERR_INVALID_ARG) at 0x400d5556
file: "./main/read_analog_main.c" line 83
func: continuous_adc_init
expression: adc_continuous_config(handle, &dig_cfg)

abort() was called at PC 0x4008661f on core 0


Backtrace: 0x4008175e:0x3ffb4a20 0x40086629:0x3ffb4a40 0x4008b986:0x3ffb4a60 0x4008661f:0x3ffb4ad0 0x400d5556:0x3ffb4b00 0x400d55a1:0x3ffb4ba0 0x400e5d98:0x3ffb4cf0 0x40088bd1:0x3ffb4d20




ELF file SHA256: 00c8bfc8a

Rebooting...
ets Jul 29 2019 12:21:46

rst:0xc (SW_CPU_RESET),boot:0x13 (SPI_FAST_FLASH_BOOT)
configsip: 0, SPIWP:0xee
clk_drv:0x00,q_drv:0x00,d_drv:0x00,cs0_drv:0x00,hd_drv:0x00,wp_drv:0x00
mode:DIO, clock div:2
load:0x3fff0030,len:7132
ho 0 tail 12 room 4
load:0x40078000,len:15708
load:0x40080400,len:4
ho 8 tail 4 room 4
load:0x40080404,len:3884
entry 0x40080650
[0;32mI (32) boot: ESP-IDF v5.2-dev-2317-g3247253671 2nd stage bootloader[0m
[0;32mI (32) boot: compile time Aug 21 2023 11:32:09[0m
[0;32mI (35) boot: Multicore bootloader[0m
[0;32mI (39) boot: chip revision: v3.0[0m
[0;32mI (42) boot.esp32: SPI Speed      : 40MHz[0m
[0;32mI (47) boot.esp32: SPI Mode       : DIO[0m
[0;32mI (52) boot.esp32: SPI Flash Size : 2MB[0m
[0;32mI (56) boot: Enabling RNG early entropy source...[0m
[0;32mI (62) boot: Partition Table:[0m
[0;32mI (65) boot: ## Label            Usage          Type ST Offset   Length[0m
[0;32mI (73) boot:  0 nvs              WiFi data        01 02 00009000 00006000[0m
[0;32mI (80) boot:  1 phy_init         RF data          01 01 0000f000 00001000[0m
[0;32mI (87) boot:  2 factory          factory app      00 00 00010000 00100000[0m
[0;32mI (95) boot: End of partition table[0m
[0;32mI (99) esp_image: segment 0: paddr=00010020 vaddr=3f400020 size=0b1c0h ( 45504) map[0m
[0;32mI (124) esp_image: segment 1: paddr=0001b1e8 vaddr=3ffb0000 size=02168h (  8552) load[0m
[0;32mI (128) esp_image: segment 2: paddr=0001d358 vaddr=40080000 size=02cc0h ( 11456) load[0m
[0;32mI (135) esp_image: segment 3: paddr=00020020 vaddr=400d0020 size=16598h ( 91544) map[0m
[0;32mI (171) esp_image: segment 4: paddr=000365c0 vaddr=40082cc0 size=0a344h ( 41796) load[0m
[0;32mI (195) boot: Loaded app from partition at offset 0x10000[0m
[0;32mI (196) boot: Disabling RNG early entropy source...[0m
[0;32mI (207) cpu_start: Multicore app[0m
[0;32mI (207) cpu_start: Pro cpu up.[0m
[0;32mI (207) cpu_start: Starting app cpu, entry point is 0x40081128[0m
[0;32mI (194) cpu_start: App cpu up.[0m
[0;32mI (225) cpu_start: Pro cpu start user code[0m
[0;32mI (226) cpu_start: cpu freq: 160000000 Hz[0m
[0;32mI (226) cpu_start: Application information:[0m
[0;32mI (230) cpu_start: Project name:     read_analog[0m
[0;32mI (236) cpu_start: App version:      d1e0eff-dirty[0m
[0;32mI (241) cpu_start: Compile time:     Aug 21 2023 11:32:01[0m
[0;32mI (247) cpu_start: ELF file SHA256:  00c8bfc8a...[0m
[0;32mI (253) cpu_start: ESP-IDF:          v5.2-dev-2317-g3247253671[0m
[0;32mI (259) cpu_start: Min chip rev:     v0.0[0m
[0;32mI (264) cpu_start: Max chip rev:     v3.99 [0m
[0;32mI (269) cpu_start: Chip rev:         v3.0[0m
[0;32mI (274) heap_init: Initializing. RAM available for dynamic allocation:[0m
[0;32mI (281) heap_init: At 3FFAE6E0 len 00001920 (6 KiB): DRAM[0m
[0;32mI (287) heap_init: At 3FFB29F0 len 0002D610 (181 KiB): DRAM[0m
[0;32mI (293) heap_init: At 3FFE0440 len 00003AE0 (14 KiB): D/IRAM[0m
[0;32mI (299) heap_init: At 3FFE4350 len 0001BCB0 (111 KiB): D/IRAM[0m
[0;32mI (306) heap_init: At 4008D004 len 00012FFC (75 KiB): IRAM[0m
[0;32mI (313) spi_flash: detected chip: generic[0m
[0;32mI (316) spi_flash: flash io: dio[0m
[0;33mW (320) spi_flash: Detected size(4096k) larger than the size in the binary image header(2048k). Using the size in the binary image header.[0m
[0;32mI (334) app_start: Starting scheduler on CPU0[0m
[0;32mI (339) app_start: Starting scheduler on CPU1[0m
[0;32mI (339) main_task: Started on CPU0[0m
[0;32mI (349) main_task: Calling app_main()[0m
[0;32mI (349) EXAMPLE: adc_pattern[0].atten is :0[0m
[0;32mI (349) EXAMPLE: adc_pattern[0].channel is :1[0m
[0;32mI (359) EXAMPLE: adc_pattern[0].unit is :1[0m
[0;32mI (359) EXAMPLE: adc_pattern[1].atten is :0[0m
[0;32mI (369) EXAMPLE: adc_pattern[1].channel is :0[0m
[0;32mI (369) EXAMPLE: adc_pattern[1].unit is :1[0m
[0;31mE (379) adc_continuous: adc_continuous_config(527): Only support using ADC1 DMA mode[0m
ESP_ERROR_CHECK failed: esp_err_t 0x102 (ESP_ERR_INVALID_ARG) at 0x400d5556
file: "./main/read_analog_main.c" line 83
func: continuous_adc_init
expression: adc_continuous_config(handle, &dig_cfg)

abort() was called at PC 0x4008661f on core 0


Backtrace: 0x4008175e:0x3ffb4a20 0x40086629:0x3ffb4a40 0x4008b986:0x3ffb4a60 0x4008661f:0x3ffb4ad0 0x400d5556:0x3ffb4b00 0x400d55a1:0x3ffb4ba0 0x400e5d98:0x3ffb4cf0 0x40088bd1:0x3ffb4d20




ELF file SHA256: 00c8bfc8a

Rebooting...
ets Jul 29 2019 12:21:46

rst:0xc (SW_CPU_RESET),boot:0x13 (SPI_FAST_FLASH_BOOT)
configsip: 0, SPIWP:0xee
clk_drv:0x00,q_drv:0x00,d_drv:0x00,cs0_drv:0x00,hd_drv:0x00,wp_drv:0x00
mode:DIO, clock div:2
load:0x3fff0030,len:7132
ho 0 tail 12 room 4
load:0x40078000,len:15708
load:0x40080400,len:4
ho 8 tail 4 room 4
load:0x40080404,len:3884
entry 0x40080650
[0;32mI (32) boot: ESP-IDF v5.2-dev-2317-g3247253671 2nd stage bootloader[0m
[0;32mI (32) boot: compile time Aug 21 2023 11:32:09[0m
[0;32mI (35) boot: Multicore bootloader[0m
[0;32mI (39) boot: chip revision: v3.0[0m
[0;32mI (42) boot.esp32: SPI Speed      : 40MHz[0m
[0;32mI (47) boot.esp32: SPI Mode       : DIO[0m
[0;32mI (52) boot.esp32: SPI Flash Size : 2MB[0m
[0;32mI (56) boot: Enabling RNG early entropy source...[0m
[0;32mI (62) boot: Partition Table:[0m
[0;32mI (65) boot: ## Label            Usage          Type ST Offset   Length[0m
[0;32mI (72) boot:  0 nvs              WiFi data        01 02 00009000 00006000[0m
[0;32mI (80) boot:  1 phy_init         RF data          01 01 0000f000 00001000[0m
[0;32mI (87) boot:  2 factory          factory app      00 00 00010000 00100000[0m
[0;32mI (95) boot: End of partition table[0m
[0;32mI (99) esp_image: segment 0: paddr=00010020 vaddr=3f400020 size=0b1c0h ( 45504) map[0m
[0;32mI (124) esp_image: segment 1: paddr=0001b1e8 vaddr=3ffb0000 size=02168h (  8552) load[0m
[0;32mI (128) esp_image: segment 2: paddr=0001d358 vaddr=40080000 size=02cc0h ( 11456) load[0m
[0;32mI (135) esp_image: segment 3: paddr=00020020 vaddr=400d0020 size=16598h ( 91544) map[0m
[0;32mI (171) esp_image: segment 4: paddr=000365c0 vaddr=40082cc0 size=0a344h ( 41796) load[0m
[0;32mI (195) boot: Loaded app from partition at offset 0x10000[0m
[0;32mI (196) boot: Disabling RNG early entropy source...[0m
[0;32mI (207) cpu_start: Multicore app[0m
[0;32mI (207) cpu_start: Pro cpu up.[0m
[0;32mI (207) cpu_start: Starting app cpu, entry point is 0x40081128[0m
[0;32mI (194) cpu_start: App cpu up.[0m
[0;32mI (226) cpu_start: Pro cpu start user code[0m
[0;32mI (226) cpu_start: cpu freq: 160000000 Hz[0m
[0;32mI (226) cpu_start: Application information:[0m
[0;32mI (230) cpu_start: Project name:     read_analog[0m
[0;32mI (236) cpu_start: App version:      d1e0eff-dirty[0m
[0;32mI (241) cpu_start: Compile time:     Aug 21 2023 11:32:01[0m
[0;32mI (247) cpu_start: ELF file SHA256:  00c8bfc8a...[0m
[0;32mI (253) cpu_start: ESP-IDF:          v5.2-dev-2317-g3247253671[0m
[0;32mI (259) cpu_start: Min chip rev:     v0.0[0m
[0;32mI (264) cpu_start: Max chip rev:     v3.99 [0m
[0;32mI (269) cpu_start: Chip rev:         v3.0[0m
[0;32mI (274) heap_init: Initializing. RAM available for dynamic allocation:[0m
[0;32mI (281) heap_init: At 3FFAE6E0 len 00001920 (6 KiB): DRAM[0m
[0;32mI (287) heap_init: At 3FFB29F0 len 0002D610 (181 KiB): DRAM[0m
[0;32mI (293) heap_init: At 3FFE0440 len 00003AE0 (14 KiB): D/IRAM[0m
[0;32mI (299) heap_init: At 3FFE4350 len 0001BCB0 (111 KiB): D/IRAM[0m
[0;32mI (306) heap_init: At 4008D004 len 00012FFC (75 KiB): IRAM[0m
[0;32mI (313) spi_flash: detected chip: generic[0m
[0;32mI (316) spi_flash: flash io: dio[0m
[0;33mW (320) spi_flash: Detected size(4096k) larger than the size in the binary image header(2048k). Using the size in the binary image header.[0m
[0;32mI (334) app_start: Starting scheduler on CPU0[0m
[0;32mI (339) app_start: Starting scheduler on CPU1[0m
[0;32mI (339) main_task: Started on CPU0[0m
[0;32mI (349) main_task: Calling app_main()[0m
[0;32mI (349) EXAMPLE: adc_pattern[0].atten is :0[0m
[0;32mI (349) EXAMPLE: adc_pattern[0].channel is :1[0m
[0;32mI (359) EXAMPLE: adc_pattern[0].unit is :1[0m
[0;32mI (359) EXAMPLE: adc_pattern[1].atten is :0[0m
[0;32mI (369) EXAMPLE: adc_pattern[1].channel is :0[0m
[0;32mI (369) EXAMPLE: adc_pattern[1].unit is :1[0m
[0;31mE (379) adc_continuous: adc_continuous_config(527): Only support using ADC1 DMA mode[0m
ESP_ERROR_CHECK failed: esp_err_t 0x102 (ESP_ERR_INVALID_ARG) at 0x400d5556
file: "./main/read_analog_main.c" line 83
func: continuous_adc_init
expression: adc_continuous_config(handle, &dig_cfg)

abort() was called at PC 0x4008661f on core 0


Backtrace: 0x4008175e:0x3ffb4a20 0x40086629:0x3ffb4a40 0x4008b986:0x3ffb4a60 0x4008661f:0x3ffb4ad0 0x400d5556:0x3ffb4b00 0x400d55a1:0x3ffb4ba0 0x400e5d98:0x3ffb4cf0 0x40088bd1:0x3ffb4d20




ELF file SHA256: 00c8bfc8a

Rebooting...
ets Jul 29 2019 12:21:46

rst:0xc (SW_CPU_RESET),boot:0x13 (SPI_FAST_FLASH_BOOT)
configsip: 0, SPIWP:0xee
clk_drv:0x00,q_drv:0x00,d_drv:0x00,cs0_drv:0x00,hd_drv:0x00,wp_drv:0x00
mode:DIO, clock div:2
load:0x3fff0030,len:7132
ho 0 tail 12 room 4
load:0x40078000,len:15708
load:0x40080400,len:4
ho 8 tail 4 room 4
load:0x40080404,len:3884
entry 0x40080650
[0;32mI (32) boot: ESP-IDF v5.2-dev-2317-g3247253671 2nd stage bootloader[0m
[0;32mI (32) boot: compile time Aug 21 2023 11:32:09[0m
[0;32mI (35) boot: Multicore bootloader[0m
[0;32mI (39) boot: chip revision: v3.0[0m
[0;32mI (42) boot.esp32: SPI Speed      : 40MHz[0m
[0;32mI (47) boot.esp32: SPI Mode       : DIO[0m
[0;32mI (52) boot.esp32: SPI Flash Size : 2MB[0m
[0;32mI (56) boot: Enabling RNG early entropy source...[0m
[0;32mI (62) boot: Partition Table:[0m
[0;32mI (65) boot: ## Label            Usage          Type ST Offset   Length[0m
[0;32mI (72) boot:  0 nvs              WiFi data        01 02 00009000 00006000[0m
[0;32mI (80) boot:  1 phy_init         RF data          01 01 0000f000 00001000[0m
[0;32mI (87) boot:  2 factory          factory app      00 00 00010000 00100000[0m
[0;32mI (95) boot: End of partition table[0m
[0;32mI (99) esp_image: segment 0: paddr=00010020 vaddr=3f400020 size=0b1c0h ( 45504) map[0m
[0;32mI (124) esp_image: segment 1: paddr=0001b1e8 vaddr=3ffb0000 size=02168h (  8552) load[0m
[0;32mI (128) esp_image: segment 2: paddr=0001d358 vaddr=40080000 size=02cc0h ( 11456) load[0m
[0;32mI (135) esp_image: segment 3: paddr=00020020 vaddr=400d0020 size=16598h ( 91544) map[0m
[0;32mI (171) esp_image: segment 4: paddr=000365c0 vaddr=40082cc0 size=0a344h ( 41796) load[0m
[0;32mI (195) boot: Loaded app from partition at offset 0x10000[0m
[0;32mI (196) boot: Disabling RNG early entropy source...[0m
[0;32mI (207) cpu_start: Multicore app[0m
[0;32mI (207) cpu_start: Pro cpu up.[0m
[0;32mI (207) cpu_start: Starting app cpu, entry point is 0x40081128[0m
[0;32mI (194) cpu_start: App cpu up.[0m
[0;32mI (226) cpu_start: Pro cpu start user code[0m
[0;32mI (226) cpu_start: cpu freq: 160000000 Hz[0m
[0;32mI (226) cpu_start: Application information:[0m
[0;32mI (230) cpu_start: Project name:     read_analog[0m
[0;32mI (236) cpu_start: App version:      d1e0eff-dirty[0m
[0;32mI (241) cpu_start: Compile time:     Aug 21 2023 11:32:01[0m
[0;32mI (247) cpu_start: ELF file SHA256:  00c8bfc8a...[0m
[0;32mI (253) cpu_start: ESP-IDF:          v5.2-dev-2317-g3247253671[0m
[0;32mI (259) cpu_start: Min chip rev:     v0.0[0m
[0;32mI (264) cpu_start: Max chip rev:     v3.99 [0m
[0;32mI (269) cpu_start: Chip rev:         v3.0[0m
[0;32mI (274) heap_init: Initializing. RAM available for dynamic allocation:[0m
[0;32mI (281) heap_init: At 3FFAE6E0 len 00001920 (6 KiB): DRAM[0m
[0;32mI (287) heap_init: At 3FFB29F0 len 0002D610 (181 KiB): DRAM[0m
[0;32mI (293) heap_init: At 3FFE0440 len 00003AE0 (14 KiB): D/IRAM[0m
[0;32mI (299) heap_init: At 3FFE4350 len 0001BCB0 (111 KiB): D/IRAM[0m
[0;32mI (306) heap_init: At 4008D004 len 00012FFC (75 KiB): IRAM[0m
[0;32mI (313) spi_flash: detected chip: generic[0m
[0;32mI (316) spi_flash: flash io: dio[0m
[0;33mW (320) spi_flash: Detected size(4096k) larger than the size in the binary image header(2048k). Using the size in the binary image header.[0m
[0;32mI (334) app_start: Starting scheduler on CPU0[0m
[0;32mI (339) app_start: Starting scheduler on CPU1[0m
[0;32mI (339) main_task: Started on CPU0[0m
[0;32mI (349) main_task: Calling app_main()[0m
[0;32mI (349) EXAMPLE: adc_pattern[0].atten is :0[0m
[0;32mI (349) EXAMPLE: adc_pattern[0].channel is :1[0m
[0;32mI (359) EXAMPLE: adc_pattern[0].unit is :1[0m
[0;32mI (359) EXAMPLE: adc_pattern[1].atten is :0[0m
[0;32mI (369) EXAMPLE: adc_pattern[1].channel is :0[0m
[0;32mI (369) EXAMPLE: adc_pattern[1].unit is :1[0m
[0;31mE (379) adc_continuous: adc_continuous_config(527): Only support using ADC1 DMA mode[0m
ESP_ERROR_CHECK failed: esp_err_t 0x102 (ESP_ERR_INVALID_ARG) at 0x400d5556
file: "./main/read_analog_main.c" line 83
func: continuous_adc_init
expression: adc_continuous_config(handle, &dig_cfg)

abort() was called at PC 0x4008661f on core 0


Backtrace: 0x4008175e:0x3ffb4a20 0x40086629:0x3ffb4a40 0x4008b986:0x3ffb4a60 0x4008661f:0x3ffb4ad0 0x400d5556:0x3ffb4b00 0x400d55a1:0x3ffb4ba0 0x400e5d98:0x3ffb4cf0 0x40088bd1:0x3ffb4d20




ELF file SHA256: 00c8bfc8a

Rebooting...
ets Jul 29 2019 12:21:46

rst:0xc (SW_CPU_RESET),boot:0x13 (SPI_FAST_FLASH_BOOT)
configsip: 0, SPIWP:0xee
clk_drv:0x00,q_drv:0x00,d_drv:0x00,cs0_drv:0x00,hd_drv:0x00,wp_drv:0x00
mode:DIO, clock div:2
load:0x3fff0030,len:7132
ho 0 tail 12 room 4
load:0x40078000,len:15708
load:0x40080400,len:4
ho 8 tail 4 room 4
load:0x40080404,len:3884
entry 0x40080650
[0;32mI (32) boot: ESP-IDF v5.2-dev-2317-g3247253671 2nd stage bootloader[0m
[0;32mI (32) boot: compile time Aug 21 2023 11:32:09[0m
[0;32mI (35) boot: Multicore bootloader[0m
[0;32mI (39) boot: chip revision: v3.0[0m
[0;32mI (42) boot.esp32: SPI Speed      : 40MHz[0m
[0;32mI (47) boot.esp32: SPI Mode       : DIO[0m
[0;32mI (52) boot.esp32: SPI Flash Size : 2MB[0m
[0;32mI (56) boot: Enabling RNG early entropy source...[0m
[0;32mI (62) boot: Partition Table:[0m
[0;32mI (65) boot: ## Label            Usage          Type ST Offset   Length[0m
[0;32mI (72) boot:  0 nvs              WiFi data        01 02 00009000 00006000[0m
[0;32mI (80) boot:  1 phy_init         RF data          01 01 0000f000 00001000[0m
[0;32mI (87) boot:  2 factory          factory app      00 00 00010000 00100000[0m
[0;32mI (95) boot: End of partition table[0m
[0;32mI (99) esp_image: segment 0: paddr=00010020 vaddr=3f400020 size=0b1c0h ( 45504) map[0m
[0;32mI (124) esp_image: segment 1: paddr=0001b1e8 vaddr=3ffb0000 size=02168h (  8552) load[0m
[0;32mI (128) esp_image: segment 2: paddr=0001d358 vaddr=40080000 size=02cc0h ( 11456) load[0m
[0;32mI (135) esp_image: segment 3: paddr=00020020 vaddr=400d0020 size=16598h ( 91544) map[0m
[0;32mI (171) esp_image: segment 4: paddr=000365c0 vaddr=40082cc0 size=0a344h ( 41796) load[0m
[0;32mI (195) boot: Loaded app from partition at offset 0x10000[0m
[0;32mI (196) boot: Disabling RNG early entropy source...[0m
[0;32mI (207) cpu_start: Multicore app[0m
[0;32mI (207) cpu_start: Pro cpu up.[0m
[0;32mI (207) cpu_start: Starting app cpu, entry point is 0x40081128[0m
[0;32mI (194) cpu_start: App cpu up.[0m
[0;32mI (225) cpu_start: Pro cpu start user code[0m
[0;32mI (226) cpu_start: cpu freq: 160000000 Hz[0m
[0;32mI (226) cpu_start: Application information:[0m
[0;32mI (230) cpu_start: Project name:     read_analog[0m
[0;32mI (236) cpu_start: App version:      d1e0eff-dirty[0m
[0;32mI (241) cpu_start: Compile time:     Aug 21 2023 11:32:01[0m
[0;32mI (247) cpu_start: ELF file SHA256:  00c8bfc8a...[0m
[0;32mI (253) cpu_start: ESP-IDF:          v5.2-dev-2317-g3247253671[0m
[0;32mI (259) cpu_start: Min chip rev:     v0.0[0m
[0;32mI (264) cpu_start: Max chip rev:     v3.99 [0m
[0;32mI (269) cpu_start: Chip rev:         v3.0[0m
[0;32mI (274) heap_init: Initializing. RAM available for dynamic allocation:[0m
[0;32mI (281) heap_init: At 3FFAE6E0 len 00001920 (6 KiB): DRAM[0m
[0;32mI (287) heap_init: At 3FFB29F0 len 0002D610 (181 KiB): DRAM[0m
[0;32mI (293) heap_init: At 3FFE0440 len 00003AE0 (14 KiB): D/IRAM[0m
[0;32mI (299) heap_init: At 3FFE4350 len 0001BCB0 (111 KiB): D/IRAM[0m
[0;32mI (306) heap_init: At 4008D004 len 00012FFC (75 KiB): IRAM[0m
[0;32mI (313) spi_flash: detected chip: generic[0m
[0;32mI (316) spi_flash: flash io: dio[0m
[0;33mW (320) spi_flash: Detected size(4096k) larger than the size in the binary image header(2048k). Using the size in the binary image header.[0m
[0;32mI (334) app_start: Starting scheduler on CPU0[0m
[0;32mI (339) app_start: Starting scheduler on CPU1[0m
[0;32mI (339) main_task: Started on CPU0[0m
[0;32mI (349) main_task: Calling app_main()[0m
[0;32mI (349) EXAMPLE: adc_pattern[0].atten is :0[0m
[0;32mI (349) EXAMPLE: adc_pattern[0].channel is :1[0m
[0;32mI (359) EXAMPLE: adc_pattern[0].unit is :1[0m
[0;32mI (359) EXAMPLE: adc_pattern[1].atten is :0[0m
